 gh0st

 Timestamp is 57bff4ee (Fri Aug 26 15:51:10 2016)

 Preferred load address is 00400000

 Start         Length     Name                   Class
 0001:00000000 0003cb18H .text                   CODE
 0001:0003cb18 00000f2aH .text$AFX_AUX           CODE
 0001:0003da42 000010efH .text$AFX_CMNCTL        CODE
 0001:0003eb31 00000684H .text$AFX_COL1          CODE
 0001:0003f1b5 000004c7H .text$AFX_COL2          CODE
 0001:0003f67c 000072e8H .text$AFX_CORE1         CODE
 0001:00046964 0000454bH .text$AFX_CORE2         CODE
 0001:0004aeaf 0000527dH .text$AFX_CORE3         CODE
 0001:0005012c 00002f13H .text$AFX_CORE4         CODE
 0001:0005303f 000038f7H .text$AFX_INIT          CODE
 0001:00056936 00000290H .text$AFX_OLE1          CODE
 0001:00056bc6 0000018cH .text$AFX_OLE2          CODE
 0001:00056d52 0000035dH .text$AFX_OLE3          CODE
 0001:000570af 0000035aH .text$AFX_OLE4          CODE
 0001:00057409 00000e7eH .text$AFX_OLE5          CODE
 0001:00058287 00000266H .text$AFX_TERM          CODE
 0001:000584f0 00004182H .text$x                 CODE
 0002:00000000 00000880H .idata$5                DATA
 0002:00000880 00008e28H .rdata                  DATA
 0002:000096a8 000020fcH .rdata$r                DATA
 0002:0000b7a8 000065a0H .xdata$x                DATA
 0002:00011d48 00000168H .idata$2                DATA
 0002:00011eb0 00000014H .idata$3                DATA
 0002:00011ec4 00000880H .idata$4                DATA
 0002:00012744 000021ecH .idata$6                DATA
 0002:00014930 00000000H .edata                  DATA
 0003:00000000 00000004H .CRT$XCA                DATA
 0003:00000004 0000002cH .CRT$XCC                DATA
 0003:00000030 00000014H .CRT$XCL                DATA
 0003:00000044 00000054H .CRT$XCU                DATA
 0003:00000098 00000004H .CRT$XCZ                DATA
 0003:0000009c 00000004H .CRT$XIA                DATA
 0003:000000a0 0000000cH .CRT$XIC                DATA
 0003:000000ac 00000004H .CRT$XIY                DATA
 0003:000000b0 00000004H .CRT$XIZ                DATA
 0003:000000b4 00000004H .CRT$XPA                DATA
 0003:000000b8 00000004H .CRT$XPX                DATA
 0003:000000bc 00000004H .CRT$XPZ                DATA
 0003:000000c0 00000004H .CRT$XTA                DATA
 0003:000000c4 00000004H .CRT$XTB                DATA
 0003:000000c8 00000004H .CRT$XTZ                DATA
 0003:000000d0 00004873H .data                   DATA
 0003:00004948 00004500H .bss                    DATA
 0004:00000000 00001110H .rsrc$01                DATA
 0004:00001110 00032338H .rsrc$02                DATA

  Address         Publics by Value              Rva+Base     Lib:Object

 0001:00000000       ??0CAudio@@QAE@XZ          00401000 f   Audio.obj
 0001:000000d0       ??_ECAudio@@UAEPAXI@Z      004010d0 f i Audio.obj
 0001:000000d0       ??_GCAudio@@UAEPAXI@Z      004010d0 f i Audio.obj
 0001:000000f0       ??1CAudio@@UAE@XZ          004010f0 f   Audio.obj
 0001:000001e0       ?getRecordBuffer@CAudio@@QAEPAEPAK@Z 004011e0 f   Audio.obj
 0001:00000240       ?playBuffer@CAudio@@QAE_NPAEK@Z 00401240 f   Audio.obj
 0001:000002c0       ?InitializeWaveIn@CAudio@@AAE_NXZ 004012c0 f   Audio.obj
 0001:00000390       ?InitializeWaveOut@CAudio@@AAE_NXZ 00401390 f   Audio.obj
 0001:00000430       ?waveInCallBack@CAudio@@CGKPAX@Z 00401430 f   Audio.obj
 0001:000004f0       ??0CAudioDlg@@QAE@PAVCWnd@@PAVCIOCPServer@@PAUClientContext@@@Z 004014f0 f   AudioDlg.obj
 0001:000005f0       ??_GCAudioDlg@@UAEPAXI@Z   004015f0 f i AudioDlg.obj
 0001:000005f0       ??_ECAudioDlg@@UAEPAXI@Z   004015f0 f i AudioDlg.obj
 0001:00000610       ??1CAudioDlg@@UAE@XZ       00401610 f i AudioDlg.obj
 0001:00000670       ?DoDataExchange@CAudioDlg@@MAEXPAVCDataExchange@@@Z 00401670 f   AudioDlg.obj
 0001:00000690       ?GetMessageMap@CAudioDlg@@MBEPBUAFX_MSGMAP@@XZ 00401690 f   AudioDlg.obj
 0001:000006a0       ?OnInitDialog@CAudioDlg@@MAEHXZ 004016a0 f   AudioDlg.obj
 0001:00000790       ?OnReceiveComplete@CAudioDlg@@QAEXXZ 00401790 f   AudioDlg.obj
 0001:00000860       ?OnReceive@CAudioDlg@@QAEXXZ 00401860 f   AudioDlg.obj
 0001:00000870       ?OnClose@CAudioDlg@@IAEXXZ 00401870 f   AudioDlg.obj
 0001:000008b0       ?OnSendLocalaudio@CAudioDlg@@IAEXXZ 004018b0 f   AudioDlg.obj
 0001:000008c0       ?WorkThread@CAudioDlg@@CGKPAX@Z 004018c0 f   AudioDlg.obj
 0001:00000930       ?BeginModalState@CWnd@@UAEXXZ 00401930 f i AudioDlg.obj
 0001:00000940       ?EndModalState@CWnd@@UAEXXZ 00401940 f i AudioDlg.obj
 0001:00000950       ??0CBmpToAvi@@QAE@XZ       00401950 f   BmpToAvi.obj
 0001:00000970       ??_ECBmpToAvi@@UAEPAXI@Z   00401970 f i BmpToAvi.obj
 0001:00000970       ??_GCBmpToAvi@@UAEPAXI@Z   00401970 f i BmpToAvi.obj
 0001:00000990       ??1CBmpToAvi@@UAE@XZ       00401990 f   BmpToAvi.obj
 0001:000009a0       ?Open@CBmpToAvi@@QAE_NPBDPAUtagBITMAPINFO@@@Z 004019a0 f   BmpToAvi.obj
 0001:00000a60       ?Write@CBmpToAvi@@QAE_NPAX@Z 00401a60 f   BmpToAvi.obj
 0001:00000ab0       ?Close@CBmpToAvi@@QAEXXZ   00401ab0 f   BmpToAvi.obj
 0001:00000ae0       ??0CButtonST@@QAE@XZ       00401ae0 f   BtnST.obj
 0001:00000c20       ??_GCButtonST@@UAEPAXI@Z   00401c20 f i BtnST.obj
 0001:00000c20       ??_ECButtonST@@UAEPAXI@Z   00401c20 f i BtnST.obj
 0001:00000c40       ??1CButtonST@@UAE@XZ       00401c40 f   BtnST.obj
 0001:00000d20       ?GetMessageMap@CButtonST@@MBEPBUAFX_MSGMAP@@XZ 00401d20 f   BtnST.obj
 0001:00000d30       ?FreeResources@CButtonST@@AAEXH@Z 00401d30 f   BtnST.obj
 0001:00000dc0       ?PreSubclassWindow@CButtonST@@MAEXXZ 00401dc0 f   BtnST.obj
 0001:00000e20       ?OnGetDlgCode@CButtonST@@IAEIXZ 00401e20 f   BtnST.obj
 0001:00000e40       ?PreTranslateMessage@CButtonST@@UAEHPAUtagMSG@@@Z 00401e40 f   BtnST.obj
 0001:00000e80       ?CtlColor@CButtonST@@IAEPAUHBRUSH__@@PAVCDC@@I@Z 00401e80 f   BtnST.obj
 0001:00000e90       ?OnSysColorChange@CButtonST@@IAEXXZ 00401e90 f   BtnST.obj
 0001:00000ec0       ?OnSetStyle@CButtonST@@AAEJIJ@Z 00401ec0 f   BtnST.obj
 0001:00000f00       ?OnSetCheck@CButtonST@@AAEJIJ@Z 00401f00 f   BtnST.obj
 0001:00000f30       ?OnGetCheck@CButtonST@@AAEJIJ@Z 00401f30 f   BtnST.obj
 0001:00000f40       ?OnEnable@CButtonST@@IAEXH@Z 00401f40 f   BtnST.obj
 0001:00000fb0       ?OnKillFocus@CButtonST@@IAEXPAVCWnd@@@Z 00401fb0 f   BtnST.obj
 0001:00000fd0       ?OnActivate@CButtonST@@IAEXIPAVCWnd@@H@Z 00401fd0 f   BtnST.obj
 0001:00000ff0       ?OnCancelMode@CButtonST@@IAEXXZ 00401ff0 f   BtnST.obj
 0001:00001010       ?OnSetCursor@CButtonST@@IAEHPAVCWnd@@II@Z 00402010 f   BtnST.obj
 0001:00001040       ?CancelHover@CButtonST@@AAEXXZ 00402040 f   BtnST.obj
 0001:00001070       ?OnMouseMove@CButtonST@@IAEXIVCPoint@@@Z 00402070 f   BtnST.obj
 0001:00001170       ?OnMouseLeave@CButtonST@@AAEJIJ@Z 00402170 f   BtnST.obj
 0001:00001180       ?OnClicked@CButtonST@@IAEHXZ 00402180 f   BtnST.obj
 0001:00001300       ?DrawItem@CButtonST@@UAEXPAUtagDRAWITEMSTRUCT@@@Z 00402300 f   BtnST.obj
 0001:00001510       ?PaintBk@CButtonST@@AAEXPAVCDC@@@Z 00402510 f   BtnST.obj
 0001:000016b0       ?PrepareImageRect@CButtonST@@AAEXHPAUtagRECT@@PAVCRect@@HKK1@Z 004026b0 f   BtnST.obj
 0001:000017f0       ?DrawTheIcon@CButtonST@@EAEXPAVCDC@@HPAUtagRECT@@PAVCRect@@HH@Z 004027f0 f   BtnST.obj
 0001:000018c0       ?DrawTheBitmap@CButtonST@@EAEXPAVCDC@@HPAUtagRECT@@PAVCRect@@HH@Z 004028c0 f   BtnST.obj
 0001:00001b30       ?DrawTheText@CButtonST@@EAEXPAVCDC@@PBDPAUtagRECT@@PAVCRect@@HH@Z 00402b30 f   BtnST.obj
 0001:00001ca0       ?SetPressedStyle@CButtonST@@QAEKEH@Z 00402ca0 f   BtnST.obj
 0001:00001cf0       ?SetCheck@CButtonST@@QAEKHH@Z 00402cf0 f   BtnST.obj
 0001:00001d30       ?GetCheck@CButtonST@@QAEHXZ 00402d30 f   BtnST.obj
 0001:00001d40       ?SetDefaultColors@CButtonST@@QAEKH@Z 00402d40 f   BtnST.obj
 0001:00001db0       ?SetColor@CButtonST@@QAEKEKH@Z 00402db0 f   BtnST.obj
 0001:00001df0       ?InitToolTip@CButtonST@@AAEXXZ 00402df0 f   BtnST.obj
 0001:00001e50       ??1CObject@@UAE@XZ         00402e50 f i BtnST.obj
 0001:00001e60       ?SetURL@CButtonST@@QAEKPBD@Z 00402e60 f   BtnST.obj
 0001:00001e90       ?OnDrawBackground@CButtonST@@MAEKPAVCDC@@PAVCRect@@@Z 00402e90 f   BtnST.obj
 0001:00001f80       ?OnDrawBorder@CButtonST@@MAEKPAVCDC@@PAVCRect@@@Z 00402f80 f   BtnST.obj
 0001:00002280       ??_GCGdiObject@@UAEPAXI@Z  00403280 f i BtnST.obj
 0001:00002280       ??_ECGdiObject@@UAEPAXI@Z  00403280 f i BtnST.obj
 0001:000022a0       ??1CGdiObject@@UAE@XZ      004032a0 f i BtnST.obj
 0001:000022e0       ??1CPen@@UAE@XZ            004032e0 f i BtnST.obj
 0001:00002320       ??_ECBitmap@@UAEPAXI@Z     00403320 f i BtnST.obj
 0001:00002320       ??_GCBitmap@@UAEPAXI@Z     00403320 f i BtnST.obj
 0001:00002340       ??1CBitmap@@UAE@XZ         00403340 f i BtnST.obj
 0001:00002380       ?DoDataExchange@CWnd@@MAEXPAVCDataExchange@@@Z 00403380 f i BtnST.obj
 0001:00002380       ?Serialize@CObject@@UAEXAAVCArchive@@@Z 00403380 f i BtnST.obj
 0001:00002390       ??_GCButton@@UAEPAXI@Z     00403390 f i BtnST.obj
 0001:00002390       ??_ECButton@@UAEPAXI@Z     00403390 f i BtnST.obj
 0001:000023b0       ??0CBuffer@@QAE@XZ         004033b0 f   Buffer.obj
 0001:000023d0       ??_ECBuffer@@UAEPAXI@Z     004033d0 f i Buffer.obj
 0001:000023d0       ??_GCBuffer@@UAEPAXI@Z     004033d0 f i Buffer.obj
 0001:000023f0       ??1CBuffer@@UAE@XZ         004033f0 f   Buffer.obj
 0001:00002410       ?Write@CBuffer@@QAEHPAEI@Z 00403410 f   Buffer.obj
 0001:00002460       ?Read@CBuffer@@QAEIPAEI@Z  00403460 f   Buffer.obj
 0001:000024f0       ?GetMemSize@CBuffer@@IAEIXZ 004034f0 f   Buffer.obj
 0001:00002500       ?GetBufferLen@CBuffer@@QAEIXZ 00403500 f   Buffer.obj
 0001:00002510       ?ReAllocateBuffer@CBuffer@@IAEII@Z 00403510 f   Buffer.obj
 0001:000025d0       ?DeAllocateBuffer@CBuffer@@IAEII@Z 004035d0 f   Buffer.obj
 0001:000026a0       ?ClearBuffer@CBuffer@@QAEXXZ 004036a0 f   Buffer.obj
 0001:000026c0       ?GetBuffer@CBuffer@@QAEPAEI@Z 004036c0 f   Buffer.obj
 0001:000026d0       ?Delete@CBuffer@@QAEII@Z   004036d0 f   Buffer.obj
 0001:00002740       ?CreateObject@CBuildView@@SGPAVCObject@@XZ 00403740 f   BuildView.obj
 0001:000027a0       ?GetRuntimeClass@CBuildView@@UBEPAUCRuntimeClass@@XZ 004037a0 f   BuildView.obj
 0001:000027b0       ??0CBuildView@@QAE@XZ      004037b0 f   BuildView.obj
 0001:000028e0       ??_GCBuildView@@UAEPAXI@Z  004038e0 f i BuildView.obj
 0001:000028e0       ??_ECBuildView@@UAEPAXI@Z  004038e0 f i BuildView.obj
 0001:00002900       ??1CFormView@@UAE@XZ       00403900 f i BuildView.obj
 0001:00002910       ??1CBuildView@@UAE@XZ      00403910 f   BuildView.obj
 0001:000029c0       ?DoDataExchange@CBuildView@@MAEXPAVCDataExchange@@@Z 004039c0 f   BuildView.obj
 0001:00002a30       ?GetMessageMap@CBuildView@@MBEPBUAFX_MSGMAP@@XZ 00403a30 f   BuildView.obj
 0001:00002a40       ?OnBuild@CBuildView@@IAEXXZ 00403a40 f   BuildView.obj
 0001:00002e70       ??1CFileDialog@@UAE@XZ     00403e70 f i BuildView.obj
 0001:00002ec0       ?OnActivateView@CBuildView@@MAEXHPAVCView@@0@Z 00403ec0 f   BuildView.obj
 0001:00003110       ?OnEnableHttp@CBuildView@@IAEXXZ 00404110 f   BuildView.obj
 0001:00003160       ??3CObject@@SGXPAX@Z       00404160 f i BuildView.obj
 0001:00003170       ?AfxGetApp@@YGPAVCWinApp@@XZ 00404170 f i BuildView.obj
 0001:00003180       ??0CCpuUsage@@QAE@XZ       00404180 f   CpuUsage.obj
 0001:000031a0       ??_ECCpuUsage@@UAEPAXI@Z   004041a0 f i CpuUsage.obj
 0001:000031a0       ??_GCCpuUsage@@UAEPAXI@Z   004041a0 f i CpuUsage.obj
 0001:000031c0       ??1CCpuUsage@@UAE@XZ       004041c0 f   CpuUsage.obj
 0001:000031e0       ?Init@CCpuUsage@@QAEHXZ    004041e0 f   CpuUsage.obj
 0001:00003230       ?GetUsage@CCpuUsage@@QAEHXZ 00404230 f   CpuUsage.obj
 0001:00003270       ??0CCustomTabCtrlItem@@AAE@VCString@@J@Z 00404270 f   CustomTabCtrl.obj
 0001:000032e0       ?ComputeRgn@CCustomTabCtrlItem@@AAEXH@Z 004042e0 f   CustomTabCtrl.obj
 0001:00003330       ?GetRegionPoints@CCustomTabCtrlItem@@ABEXABVCRect@@PAVCPoint@@H@Z 00404330 f   CustomTabCtrl.obj
 0001:00003830       ?GetDrawPoints@CCustomTabCtrlItem@@ABEXABVCRect@@PAVCPoint@@H@Z 00404830 f   CustomTabCtrl.obj
 0001:00003970       ?Draw@CCustomTabCtrlItem@@AAEXAAVCDC@@AAVCFont@@HH@Z 00404970 f   CustomTabCtrl.obj
 0001:00003cb0       ??0CCustomTabCtrl@@QAE@XZ  00404cb0 f   CustomTabCtrl.obj
 0001:00003dd0       ??_GCCustomTabCtrl@@UAEPAXI@Z 00404dd0 f i CustomTabCtrl.obj
 0001:00003dd0       ??_ECCustomTabCtrl@@UAEPAXI@Z 00404dd0 f i CustomTabCtrl.obj
 0001:00003df0       ?RegisterWindowClass@CCustomTabCtrl@@AAEHXZ 00404df0 f   CustomTabCtrl.obj
 0001:00003e90       ??1CCustomTabCtrl@@UAE@XZ  00404e90 f   CustomTabCtrl.obj
 0001:00004010       ?GetMessageMap@CCustomTabCtrl@@MBEPBUAFX_MSGMAP@@XZ 00405010 f   CustomTabCtrl.obj
 0001:00004020       ?Create@CCustomTabCtrl@@QAEHIABVCRect@@PAVCWnd@@I@Z 00405020 f   CustomTabCtrl.obj
 0001:00004050       ?OnEraseBkgnd@CCustomTabCtrl@@IAEHPAVCDC@@@Z 00405050 f   CustomTabCtrl.obj
 0001:00004060       ?OnPaint@CCustomTabCtrl@@IAEXXZ 00405060 f   CustomTabCtrl.obj
 0001:00005170       ?OnSize@CCustomTabCtrl@@IAEXIHH@Z 00406170 f   CustomTabCtrl.obj
 0001:000051a0       ?OnSizeParent@CCustomTabCtrl@@IAEJIJ@Z 004061a0 f   CustomTabCtrl.obj
 0001:000052f0       ?OnLButtonDown@CCustomTabCtrl@@IAEXIVCPoint@@@Z 004062f0 f   CustomTabCtrl.obj
 0001:00005330       ?OnLButtonDblClk@CCustomTabCtrl@@IAEXIVCPoint@@@Z 00406330 f   CustomTabCtrl.obj
 0001:000053a0       ?ProcessLButtonDown@CCustomTabCtrl@@AAEHHIVCPoint@@@Z 004063a0 f   CustomTabCtrl.obj
 0001:000055a0       ?NotifyParent@CCustomTabCtrl@@AAEHIHVCPoint@@@Z 004065a0 f   CustomTabCtrl.obj
 0001:000056a0       ?OnLButtonUp@CCustomTabCtrl@@IAEXIVCPoint@@@Z 004066a0 f   CustomTabCtrl.obj
 0001:00005780       ?OnMouseMove@CCustomTabCtrl@@IAEXIVCPoint@@@Z 00406780 f   CustomTabCtrl.obj
 0001:00005a80       ?OnMouseLeave@CCustomTabCtrl@@IAEJIJ@Z 00406a80 f   CustomTabCtrl.obj
 0001:00005af0       ?OnUpdateEdit@CCustomTabCtrl@@IAEXXZ 00406af0 f   CustomTabCtrl.obj
 0001:00005b40       ?OnThemeChanged@CCustomTabCtrl@@IAEJIJ@Z 00406b40 f   CustomTabCtrl.obj
 0001:000062d0       ?OnTimer@CCustomTabCtrl@@IAEXI@Z 004072d0 f   CustomTabCtrl.obj
 0001:00006490       ?SetControlFont@CCustomTabCtrl@@QAEXABUtagLOGFONTA@@H@Z 00407490 f   CustomTabCtrl.obj
 0001:00006560       ?InsertItem@CCustomTabCtrl@@QAEHHVCString@@J@Z 00407560 f   CustomTabCtrl.obj
 0001:00006860       ?MoveItem@CCustomTabCtrl@@AAEHHHH@Z 00407860 f   CustomTabCtrl.obj
 0001:00006c30       ?CopyItem@CCustomTabCtrl@@AAEHHHH@Z 00407c30 f   CustomTabCtrl.obj
 0001:00006ea0       ?DeleteItem@CCustomTabCtrl@@QAEHH@Z 00407ea0 f   CustomTabCtrl.obj
 0001:000070a0       ?DeleteAllItems@CCustomTabCtrl@@QAEXXZ 004080a0 f   CustomTabCtrl.obj
 0001:00007160       ??1CCustomTabCtrlItem@@QAE@XZ 00408160 f i CustomTabCtrl.obj
 0001:000071c0       ?SetCurSel@CCustomTabCtrl@@QAEHH@Z 004081c0 f   CustomTabCtrl.obj
 0001:000071e0       ?SetItemTooltipText@CCustomTabCtrl@@QAEHHVCString@@@Z 004081e0 f   CustomTabCtrl.obj
 0001:00007350       ?GetItemData@CCustomTabCtrl@@QAEHHAAK@Z 00408350 f   CustomTabCtrl.obj
 0001:00007380       ?HitTest@CCustomTabCtrl@@QAEHVCPoint@@@Z 00408380 f   CustomTabCtrl.obj
 0001:00007810       ?HighlightItem@CCustomTabCtrl@@AAEHHHH@Z 00408810 f   CustomTabCtrl.obj
 0001:00007920       ??0CGdiObject@@QAE@XZ      00408920 f i CustomTabCtrl.obj
 0001:00007930       ?SetCurSel@CCustomTabCtrl@@AAEHHHH@Z 00408930 f   CustomTabCtrl.obj
 0001:000079d0       ?RecalcLayout@CCustomTabCtrl@@AAEXHH@Z 004089d0 f   CustomTabCtrl.obj
 0001:000087a0       ??1CBrush@@UAE@XZ          004097a0 f i CustomTabCtrl.obj
 0001:000087e0       ??_GCFont@@UAEPAXI@Z       004097e0 f i CustomTabCtrl.obj
 0001:000087e0       ??_ECFont@@UAEPAXI@Z       004097e0 f i CustomTabCtrl.obj
 0001:00008800       ??1CFont@@UAE@XZ           00409800 f i CustomTabCtrl.obj
 0001:00008840       ??_GCRgn@@UAEPAXI@Z        00409840 f i CustomTabCtrl.obj
 0001:00008840       ??_ECRgn@@UAEPAXI@Z        00409840 f i CustomTabCtrl.obj
 0001:00008860       ??1CRgn@@UAE@XZ            00409860 f i CustomTabCtrl.obj
 0001:000088a0       ?RecalcEditResized@CCustomTabCtrl@@AAEXHH@Z 004098a0 f   CustomTabCtrl.obj
 0001:00008ab0       ?RecalcOffset@CCustomTabCtrl@@AAEXH@Z 00409ab0 f   CustomTabCtrl.obj
 0001:00008e10       ?RecalcRectangles@CCustomTabCtrl@@AAEHXZ 00409e10 f   CustomTabCtrl.obj
 0001:00009250       ?PreTranslateMessage@CCustomTabCtrl@@MAEHPAUtagMSG@@@Z 0040a250 f   CustomTabCtrl.obj
 0001:000092b0       ?DrawBk@CCustomTabCtrl@@AAEXAAVCDC@@AAVCRect@@PAUHBITMAP__@@HAAU_MY_MARGINS@@H@Z 0040a2b0 f   CustomTabCtrl.obj
 0001:00009c00       ?DrawGlyph@CCustomTabCtrl@@AAEXAAVCDC@@AAVCPoint@@HH@Z 0040ac00 f   CustomTabCtrl.obj
 0001:00009e60       ?ModifyStyle@CCustomTabCtrl@@QAEHKKI@Z 0040ae60 f   CustomTabCtrl.obj
 0001:00009f20       ?PreSubclassWindow@CCustomTabCtrl@@MAEXXZ 0040af20 f   CustomTabCtrl.obj
 0001:00009f60       ?SetDragCursors@CCustomTabCtrl@@QAEXPAUHICON__@@0@Z 0040af60 f   CustomTabCtrl.obj
 0001:00009fb0       ?OnRButtonDown@CCustomTabCtrl@@IAEXIVCPoint@@@Z 0040afb0 f   CustomTabCtrl.obj
 0001:00009fe0       ?OnRButtonDblClk@CCustomTabCtrl@@IAEXIVCPoint@@@Z 0040afe0 f   CustomTabCtrl.obj
 0001:0000a010       ?EditLabel@CCustomTabCtrl@@AAEHHH@Z 0040b010 f   CustomTabCtrl.obj
 0001:0000a4d0       ??1?$CArray@PAVCCustomTabCtrlItem@@PAV1@@@UAE@XZ 0040b4d0 f i CustomTabCtrl.obj
 0001:0000a520       ?Serialize@?$CArray@PAVCCustomTabCtrlItem@@PAV1@@@UAEXAAVCArchive@@@Z 0040b520 f i CustomTabCtrl.obj
 0001:0000a6b0       ??_E?$CArray@PAVCCustomTabCtrlItem@@PAV1@@@UAEPAXI@Z 0040b6b0 f i CustomTabCtrl.obj
 0001:0000a6b0       ??_G?$CArray@PAVCCustomTabCtrlItem@@PAV1@@@UAEPAXI@Z 0040b6b0 f i CustomTabCtrl.obj
 0001:0000a6d0       ?SetSize@?$CArray@PAVCCustomTabCtrlItem@@PAV1@@@QAEXHH@Z 0040b6d0 f i CustomTabCtrl.obj
 0001:0000a810       ??_ECEdit@@UAEPAXI@Z       0040b810 f i CustomTabCtrl.obj
 0001:0000a810       ??_GCEdit@@UAEPAXI@Z       0040b810 f i CustomTabCtrl.obj
 0001:0000a830       ??0CFileManagerDlg@@QAE@PAVCWnd@@PAVCIOCPServer@@PAUClientContext@@@Z 0040b830 f   FileManagerDlg.obj
 0001:0000ab40       ??_GCFileManagerDlg@@UAEPAXI@Z 0040bb40 f i FileManagerDlg.obj
 0001:0000ab40       ??_ECFileManagerDlg@@UAEPAXI@Z 0040bb40 f i FileManagerDlg.obj
 0001:0000ab60       ??1CFileManagerDlg@@UAE@XZ 0040bb60 f i FileManagerDlg.obj
 0001:0000ad50       ?DoDataExchange@CFileManagerDlg@@MAEXPAVCDataExchange@@@Z 0040bd50 f   FileManagerDlg.obj
 0001:0000adb0       ?GetMessageMap@CFileManagerDlg@@MBEPBUAFX_MSGMAP@@XZ 0040bdb0 f   FileManagerDlg.obj
 0001:0000adc0       ?GetIconIndex@@YAHPBDK@Z   0040bdc0 f   FileManagerDlg.obj
 0001:0000ae10       ?OnInitDialog@CFileManagerDlg@@MAEHXZ 0040be10 f   FileManagerDlg.obj
 0001:0000b1f0       ?OnSize@CFileManagerDlg@@IAEXIHH@Z 0040c1f0 f   FileManagerDlg.obj
 0001:0000b360       ?FixedLocalDriveList@CFileManagerDlg@@QAEXXZ 0040c360 f   FileManagerDlg.obj
 0001:0000b680       ?OnDblclkListLocal@CFileManagerDlg@@IAEXPAUtagNMHDR@@PAJ@Z 0040c680 f   FileManagerDlg.obj
 0001:0000b6f0       ?FixedLocalFileList@CFileManagerDlg@@QAEXVCString@@@Z 0040c6f0 f   FileManagerDlg.obj
 0001:0000bc60       ?DropItemOnList@CFileManagerDlg@@IAEXPAVCListCtrl@@0@Z 0040cc60 f   FileManagerDlg.obj
 0001:0000bcd0       ?OnQueryDragIcon@CFileManagerDlg@@IAEPAUHICON__@@XZ 0040ccd0 f   FileManagerDlg.obj
 0001:0000bce0       ?OnBegindragListLocal@CFileManagerDlg@@IAEXPAUtagNMHDR@@PAJ@Z 0040cce0 f   FileManagerDlg.obj
 0001:0000bdc0       ?OnBegindragListRemote@CFileManagerDlg@@IAEXPAUtagNMHDR@@PAJ@Z 0040cdc0 f   FileManagerDlg.obj
 0001:0000bea0       ?OnMouseMove@CFileManagerDlg@@IAEXIVCPoint@@@Z 0040cea0 f   FileManagerDlg.obj
 0001:0000c030       ?OnLButtonUp@CFileManagerDlg@@IAEXIVCPoint@@@Z 0040d030 f   FileManagerDlg.obj
 0001:0000c0c0       ?PreTranslateMessage@CFileManagerDlg@@UAEHPAUtagMSG@@@Z 0040d0c0 f   FileManagerDlg.obj
 0001:0000c230       ?OnTimer@CFileManagerDlg@@IAEXI@Z 0040d230 f   FileManagerDlg.obj
 0001:0000c260       ?FixedRemoteDriveList@CFileManagerDlg@@QAEXXZ 0040d260 f   FileManagerDlg.obj
 0001:0000c560       ?OnClose@CFileManagerDlg@@IAEXXZ 0040d560 f   FileManagerDlg.obj
 0001:0000c590       ?GetParentDirectory@CFileManagerDlg@@QAE?AVCString@@V2@@Z 0040d590 f   FileManagerDlg.obj
 0001:0000c6f0       ?OnReceiveComplete@CFileManagerDlg@@QAEXXZ 0040d6f0 f   FileManagerDlg.obj
 0001:0000c7e0       ?GetRemoteFileList@CFileManagerDlg@@QAEXVCString@@@Z 0040d7e0 f   FileManagerDlg.obj
 0001:0000ca20       ?OnDblclkListRemote@CFileManagerDlg@@IAEXPAUtagNMHDR@@PAJ@Z 0040da20 f   FileManagerDlg.obj
 0001:0000ca90       ?FixedRemoteFileList@CFileManagerDlg@@QAEXPAEK@Z 0040da90 f   FileManagerDlg.obj
 0001:0000ce20       ?ShowMessage@CFileManagerDlg@@QAAXPADZZ 0040de20 f   FileManagerDlg.obj
 0001:0000ce80       ?OnLocalPrev@CFileManagerDlg@@IAEXXZ 0040de80 f   FileManagerDlg.obj
 0001:0000cea0       ?OnRemotePrev@CFileManagerDlg@@IAEXXZ 0040dea0 f   FileManagerDlg.obj
 0001:0000cec0       ?OnLocalList@CFileManagerDlg@@IAEXXZ 0040dec0 f   FileManagerDlg.obj
 0001:0000cee0       ?OnLocalReport@CFileManagerDlg@@IAEXXZ 0040dee0 f   FileManagerDlg.obj
 0001:0000cf00       ?OnLocalView@CFileManagerDlg@@IAEXXZ 0040df00 f   FileManagerDlg.obj
 0001:0000cf00       ?OnLocalBigicon@CFileManagerDlg@@IAEXXZ 0040df00 f   FileManagerDlg.obj
 0001:0000cf20       ?OnLocalSmallicon@CFileManagerDlg@@IAEXXZ 0040df20 f   FileManagerDlg.obj
 0001:0000cf40       ?OnRemoteList@CFileManagerDlg@@IAEXXZ 0040df40 f   FileManagerDlg.obj
 0001:0000cf60       ?OnRemoteReport@CFileManagerDlg@@IAEXXZ 0040df60 f   FileManagerDlg.obj
 0001:0000cf80       ?OnRemoteSmallicon@CFileManagerDlg@@IAEXXZ 0040df80 f   FileManagerDlg.obj
 0001:0000cfa0       ?OnRemoteBigicon@CFileManagerDlg@@IAEXXZ 0040dfa0 f   FileManagerDlg.obj
 0001:0000cfa0       ?OnRemoteView@CFileManagerDlg@@IAEXXZ 0040dfa0 f   FileManagerDlg.obj
 0001:0000cfc0       ?OnUpdateLocalDelete@CFileManagerDlg@@IAEXPAVCCmdUI@@@Z 0040dfc0 f   FileManagerDlg.obj
 0001:0000d020       ?OnUpdateLocalNewfolder@CFileManagerDlg@@IAEXPAVCCmdUI@@@Z 0040e020 f   FileManagerDlg.obj
 0001:0000d020       ?OnUpdateLocalPrev@CFileManagerDlg@@IAEXPAVCCmdUI@@@Z 0040e020 f   FileManagerDlg.obj
 0001:0000d060       ?OnUpdateLocalCopy@CFileManagerDlg@@IAEXPAVCCmdUI@@@Z 0040e060 f   FileManagerDlg.obj
 0001:0000d0e0       ?OnUpdateLocalStop@CFileManagerDlg@@IAEXPAVCCmdUI@@@Z 0040e0e0 f   FileManagerDlg.obj
 0001:0000d120       ?OnUpdateRemoteCopy@CFileManagerDlg@@IAEXPAVCCmdUI@@@Z 0040e120 f   FileManagerDlg.obj
 0001:0000d1a0       ?OnUpdateRemoteDelete@CFileManagerDlg@@IAEXPAVCCmdUI@@@Z 0040e1a0 f   FileManagerDlg.obj
 0001:0000d200       ?OnUpdateRemotePrev@CFileManagerDlg@@IAEXPAVCCmdUI@@@Z 0040e200 f   FileManagerDlg.obj
 0001:0000d200       ?OnUpdateRemoteNewfolder@CFileManagerDlg@@IAEXPAVCCmdUI@@@Z 0040e200 f   FileManagerDlg.obj
 0001:0000d240       ?OnUpdateRemoteStop@CFileManagerDlg@@IAEXPAVCCmdUI@@@Z 0040e240 f   FileManagerDlg.obj
 0001:0000d280       ?FixedUploadDirectory@CFileManagerDlg@@QAE_NPBD@Z 0040e280 f   FileManagerDlg.obj
 0001:0000d480       ?EnableControl@CFileManagerDlg@@AAEXH@Z 0040e480 f   FileManagerDlg.obj
 0001:0000d4c0       ?OnLocalCopy@CFileManagerDlg@@IAEXXZ 0040e4c0 f   FileManagerDlg.obj
 0001:0000d740       ?OnRemoteCopy@CFileManagerDlg@@IAEXXZ 0040e740 f   FileManagerDlg.obj
 0001:0000d970       ?SendDownloadJob@CFileManagerDlg@@QAEHXZ 0040e970 f   FileManagerDlg.obj
 0001:0000da70       ?SendUploadJob@CFileManagerDlg@@QAEHXZ 0040ea70 f   FileManagerDlg.obj
 0001:0000dd00       ?SendDeleteJob@CFileManagerDlg@@QAEHXZ 0040ed00 f   FileManagerDlg.obj
 0001:0000de30       ?CreateLocalRecvFile@CFileManagerDlg@@QAEXXZ 0040ee30 f   FileManagerDlg.obj
 0001:0000e260       ??1CFileTransferModeDlg@@UAE@XZ 0040f260 f i FileManagerDlg.obj
 0001:0000e2b0       ?WriteLocalRecvFile@CFileManagerDlg@@QAEXXZ 0040f2b0 f   FileManagerDlg.obj
 0001:0000e430       ?EndLocalRecvFile@CFileManagerDlg@@QAEXXZ 0040f430 f   FileManagerDlg.obj
 0001:0000e500       ?EndLocalUploadFile@CFileManagerDlg@@AAEXXZ 0040f500 f   FileManagerDlg.obj
 0001:0000e5d0       ?EndRemoteDeleteFile@CFileManagerDlg@@QAEXXZ 0040f5d0 f   FileManagerDlg.obj
 0001:0000e640       ?SendException@CFileManagerDlg@@QAEXXZ 0040f640 f   FileManagerDlg.obj
 0001:0000e670       ?SendStop@CFileManagerDlg@@QAEXXZ 0040f670 f   FileManagerDlg.obj
 0001:0000e6a0       ?ShowProgress@CFileManagerDlg@@QAEXXZ 0040f6a0 f   FileManagerDlg.obj
 0001:0000e790       ?OnLocalDelete@CFileManagerDlg@@IAEXXZ 0040f790 f   FileManagerDlg.obj
 0001:0000e9b0       ?OnRemoteDelete@CFileManagerDlg@@IAEXXZ 0040f9b0 f   FileManagerDlg.obj
 0001:0000ec80       ?OnRemoteStop@CFileManagerDlg@@IAEXXZ 0040fc80 f   FileManagerDlg.obj
 0001:0000ec80       ?OnLocalStop@CFileManagerDlg@@IAEXXZ 0040fc80 f   FileManagerDlg.obj
 0001:0000ec90       ?SendTransferMode@CFileManagerDlg@@AAEXXZ 0040fc90 f   FileManagerDlg.obj
 0001:0000edb0       ?SendFileData@CFileManagerDlg@@AAEXXZ 0040fdb0 f   FileManagerDlg.obj
 0001:0000eee0       ?DeleteDirectory@CFileManagerDlg@@AAE_NPBD@Z 0040fee0 f   FileManagerDlg.obj
 0001:0000efc0       ?OnLocalNewfolder@CFileManagerDlg@@IAEXXZ 0040ffc0 f   FileManagerDlg.obj
 0001:0000f150       ??1CInputDialog@@UAE@XZ    00410150 f i FileManagerDlg.obj
 0001:0000f1b0       ?DoDataExchange@CInputDialog@@MAEXPAVCDataExchange@@@Z 004101b0 f i FileManagerDlg.obj
 0001:0000f1d0       ??_GCInputDialog@@UAEPAXI@Z 004101d0 f i FileManagerDlg.obj
 0001:0000f1d0       ??_ECInputDialog@@UAEPAXI@Z 004101d0 f i FileManagerDlg.obj
 0001:0000f1f0       ?OnRemoteNewfolder@CFileManagerDlg@@IAEXXZ 004101f0 f   FileManagerDlg.obj
 0001:0000f3c0       ?OnTransfer@CFileManagerDlg@@IAEXXZ 004103c0 f   FileManagerDlg.obj
 0001:0000f400       ?OnRename@CFileManagerDlg@@IAEXXZ 00410400 f   FileManagerDlg.obj
 0001:0000f490       ?OnEndlabeleditListLocal@CFileManagerDlg@@IAEXPAUtagNMHDR@@PAJ@Z 00410490 f   FileManagerDlg.obj
 0001:0000f5e0       ?OnEndlabeleditListRemote@CFileManagerDlg@@IAEXPAUtagNMHDR@@PAJ@Z 004105e0 f   FileManagerDlg.obj
 0001:0000f7e0       ?OnDelete@CFileManagerDlg@@IAEXXZ 004107e0 f   FileManagerDlg.obj
 0001:0000f820       ?OnNewfolder@CFileManagerDlg@@IAEXXZ 00410820 f   FileManagerDlg.obj
 0001:0000f860       ?OnRefresh@CFileManagerDlg@@IAEXXZ 00410860 f   FileManagerDlg.obj
 0001:0000f8d0       ?OnLocalOpen@CFileManagerDlg@@IAEXXZ 004108d0 f   FileManagerDlg.obj
 0001:0000f9a0       ?OnRemoteOpenShow@CFileManagerDlg@@IAEXXZ 004109a0 f   FileManagerDlg.obj
 0001:0000fac0       ?OnRemoteOpenHide@CFileManagerDlg@@IAEXXZ 00410ac0 f   FileManagerDlg.obj
 0001:0000fbe0       ?OnRclickListLocal@CFileManagerDlg@@IAEXPAUtagNMHDR@@PAJ@Z 00410be0 f   FileManagerDlg.obj
 0001:0000fd90       ?OnRclickListRemote@CFileManagerDlg@@IAEXPAUtagNMHDR@@PAJ@Z 00410d90 f   FileManagerDlg.obj
 0001:0000ff40       ?MakeSureDirectoryPathExists@CFileManagerDlg@@AAE_NPBD@Z 00410f40 f   FileManagerDlg.obj
 0001:000100c0       ?RemoveHead@?$CList@VCString@@AAV1@@@QAE?AVCString@@XZ 004110c0 f i FileManagerDlg.obj
 0001:000101a0       ??1?$CList@VCString@@AAV1@@@UAE@XZ 004111a0 f i FileManagerDlg.obj
 0001:00010210       ?Serialize@?$CList@VCString@@AAV1@@@UAEXAAVCArchive@@@Z 00411210 f i FileManagerDlg.obj
 0001:00010360       ??_E?$CList@VCString@@AAV1@@@UAEPAXI@Z 00411360 f i FileManagerDlg.obj
 0001:00010360       ??_G?$CList@VCString@@AAV1@@@UAEPAXI@Z 00411360 f i FileManagerDlg.obj
 0001:00010380       ??_ECMenu@@UAEPAXI@Z       00411380 f i FileManagerDlg.obj
 0001:00010380       ??_GCMenu@@UAEPAXI@Z       00411380 f i FileManagerDlg.obj
 0001:000103a0       ??1CMenu@@UAE@XZ           004113a0 f i FileManagerDlg.obj
 0001:000103e0       ??_GCComboBox@@UAEPAXI@Z   004113e0 f i FileManagerDlg.obj
 0001:000103e0       ??_ECComboBox@@UAEPAXI@Z   004113e0 f i FileManagerDlg.obj
 0001:00010400       ??_ECListCtrl@@UAEPAXI@Z   00411400 f i FileManagerDlg.obj
 0001:00010400       ??_GCListCtrl@@UAEPAXI@Z   00411400 f i FileManagerDlg.obj
 0001:00010420       ??_ECProgressCtrl@@UAEPAXI@Z 00411420 f i FileManagerDlg.obj
 0001:00010420       ??_GCProgressCtrl@@UAEPAXI@Z 00411420 f i FileManagerDlg.obj
 0001:00010440       ??0CFileTransferModeDlg@@QAE@PAVCWnd@@@Z 00411440 f   FileTransferModeDlg.obj
 0001:00010470       ??_ECFileTransferModeDlg@@UAEPAXI@Z 00411470 f i FileTransferModeDlg.obj
 0001:00010470       ??_GCFileTransferModeDlg@@UAEPAXI@Z 00411470 f i FileTransferModeDlg.obj
 0001:00010490       ?DoDataExchange@CScreenSpyDlg@@MAEXPAVCDataExchange@@@Z 00411490 f   FileTransferModeDlg.obj
 0001:00010490       ?OnDraw@CGh0stView@@UAEXPAVCDC@@@Z 00411490 f   FileTransferModeDlg.obj
 0001:00010490       ?Serialize@CGh0stDoc@@UAEXAAVCArchive@@@Z 00411490 f   FileTransferModeDlg.obj
 0001:00010490       ?DoDataExchange@CWebCamDlg@@MAEXPAVCDataExchange@@@Z 00411490 f   FileTransferModeDlg.obj
 0001:00010490       ?DoDataExchange@CAboutDlg@@MAEXPAVCDataExchange@@@Z 00411490 f   FileTransferModeDlg.obj
 0001:00010490       ?DoDataExchange@CFileTransferModeDlg@@MAEXPAVCDataExchange@@@Z 00411490 f   FileTransferModeDlg.obj
 0001:000104a0       ?GetMessageMap@CFileTransferModeDlg@@MBEPBUAFX_MSGMAP@@XZ 004114a0 f   FileTransferModeDlg.obj
 0001:000104b0       ?OnEndDialog@CFileTransferModeDlg@@IAEXI@Z 004114b0 f   FileTransferModeDlg.obj
 0001:000104c0       ?OnInitDialog@CFileTransferModeDlg@@MAEHXZ 004114c0 f   FileTransferModeDlg.obj
 0001:00010560       ?dbg_dump@@YAXPAU_EXCEPTION_POINTERS@@@Z 00411560 f   gh0st.obj
 0001:00010600       ?bad_exception@@YGJPAU_EXCEPTION_POINTERS@@@Z 00411600 f   gh0st.obj
 0001:00010620       ?GetMessageMap@CGh0stApp@@MBEPBUAFX_MSGMAP@@XZ 00411620 f   gh0st.obj
 0001:00010630       ??0CGh0stApp@@QAE@XZ       00411630 f   gh0st.obj
 0001:00010730       ??_GCGh0stApp@@UAEPAXI@Z   00411730 f i gh0st.obj
 0001:00010730       ??_ECGh0stApp@@UAEPAXI@Z   00411730 f i gh0st.obj
 0001:00010750       ??1CGh0stApp@@UAE@XZ       00411750 f i gh0st.obj
 0001:000107e0       ?InitInstance@CGh0stApp@@UAEHXZ 004117e0 f   gh0st.obj
 0001:000109d0       ??0CAboutDlg@@QAE@XZ       004119d0 f   gh0st.obj
 0001:000109f0       ??_ECAboutDlg@@UAEPAXI@Z   004119f0 f i gh0st.obj
 0001:000109f0       ??_GCAboutDlg@@UAEPAXI@Z   004119f0 f i gh0st.obj
 0001:00010a10       ??1CAboutDlg@@UAE@XZ       00411a10 f i gh0st.obj
 0001:00010a10       ??1CCommonDialog@@UAE@XZ   00411a10 f i gh0st.obj
 0001:00010a20       ?GetMessageMap@CAboutDlg@@MBEPBUAFX_MSGMAP@@XZ 00411a20 f   gh0st.obj
 0001:00010a30       ?OnAppAbout@CGh0stApp@@QAEXXZ 00411a30 f   gh0st.obj
 0001:00010a90       ?CreateObject@CGh0stDoc@@SGPAVCObject@@XZ 00411a90 f   gh0stDoc.obj
 0001:00010af0       ?GetRuntimeClass@CGh0stDoc@@UBEPAUCRuntimeClass@@XZ 00411af0 f   gh0stDoc.obj
 0001:00010b00       ?GetMessageMap@CGh0stDoc@@MBEPBUAFX_MSGMAP@@XZ 00411b00 f   gh0stDoc.obj
 0001:00010b10       ??0CGh0stDoc@@IAE@XZ       00411b10 f   gh0stDoc.obj
 0001:00010b30       ??_ECGh0stDoc@@UAEPAXI@Z   00411b30 f i gh0stDoc.obj
 0001:00010b30       ??_GCGh0stDoc@@UAEPAXI@Z   00411b30 f i gh0stDoc.obj
 0001:00010b50       ??1CGh0stDoc@@UAE@XZ       00411b50 f   gh0stDoc.obj
 0001:00010b60       ?DeleteContents@CGh0stDoc@@UAEXXZ 00411b60 f   gh0stDoc.obj
 0001:00010b90       ?IsModified@CDocument@@UAEHXZ 00411b90 f i gh0stDoc.obj
 0001:00010ba0       ?SetModifiedFlag@CDocument@@UAEXH@Z 00411ba0 f i gh0stDoc.obj
 0001:00010bf0       ?CreateObject@CGh0stView@@SGPAVCObject@@XZ 00411bf0 f   gh0stView.obj
 0001:00010c50       ?GetRuntimeClass@CGh0stView@@UBEPAUCRuntimeClass@@XZ 00411c50 f   gh0stView.obj
 0001:00010c60       ?GetMessageMap@CGh0stView@@MBEPBUAFX_MSGMAP@@XZ 00411c60 f   gh0stView.obj
 0001:00010c70       ??0CGh0stView@@IAE@XZ      00411c70 f   gh0stView.obj
 0001:00010d30       ??_ECGh0stView@@UAEPAXI@Z  00411d30 f i gh0stView.obj
 0001:00010d30       ??_GCGh0stView@@UAEPAXI@Z  00411d30 f i gh0stView.obj
 0001:00010d50       ??1CGh0stView@@UAE@XZ      00411d50 f   gh0stView.obj
 0001:00010d60       ?PreCreateWindow@CGh0stView@@UAEHAAUtagCREATESTRUCTA@@@Z 00411d60 f   gh0stView.obj
 0001:00010d80       ?OnInitialUpdate@CGh0stView@@MAEXXZ 00411d80 f   gh0stView.obj
 0001:00010ed0       ?OnMyInitialUpdate@CGh0stView@@AAEJIJ@Z 00411ed0 f   gh0stView.obj
 0001:000110a0       ?OnOpenManagerDialog@CGh0stView@@AAEJIJ@Z 004120a0 f   gh0stView.obj
 0001:00011140       ?OnOpenScreenSpyDialog@CGh0stView@@AAEJIJ@Z 00412140 f   gh0stView.obj
 0001:000111e0       ?OnOpenWebCamDialog@CGh0stView@@AAEJIJ@Z 004121e0 f   gh0stView.obj
 0001:00011280       ?OnOpenAudioDialog@CGh0stView@@AAEJIJ@Z 00412280 f   gh0stView.obj
 0001:00011320       ?OnOpenKeyBoardDialog@CGh0stView@@AAEJIJ@Z 00412320 f   gh0stView.obj
 0001:000113c0       ?OnOpenSystemDialog@CGh0stView@@AAEJIJ@Z 004123c0 f   gh0stView.obj
 0001:00011460       ?OnOpenShellDialog@CGh0stView@@AAEJIJ@Z 00412460 f   gh0stView.obj
 0001:00011500       ?OnSize@CGh0stView@@IAEXIHH@Z 00412500 f   gh0stView.obj
 0001:00011580       ?OnRButtonDown@CGh0stView@@IAEXIVCPoint@@@Z 00412580 f   gh0stView.obj
 0001:000116e0       ?OnAddToList@CGh0stView@@AAEJIJ@Z 004126e0 f   gh0stView.obj
 0001:00011ab0       ?OnRemoveFromList@CGh0stView@@AAEJIJ@Z 00412ab0 f   gh0stView.obj
 0001:00011b90       ?SendSelectCommand@CGh0stView@@AAEXPAEI@Z 00412b90 f   gh0stView.obj
 0001:00011c00       ?OnFilemanager@CGh0stView@@IAEXXZ 00412c00 f   gh0stView.obj
 0001:00011c20       ?OnScreenspy@CGh0stView@@IAEXXZ 00412c20 f   gh0stView.obj
 0001:00011c40       ?OnWebcam@CGh0stView@@IAEXXZ 00412c40 f   gh0stView.obj
 0001:00011c60       ?OnAudioListen@CGh0stView@@IAEXXZ 00412c60 f   gh0stView.obj
 0001:00011c80       ?OnDownexec@CGh0stView@@IAEXXZ 00412c80 f   gh0stView.obj
 0001:00011e90       ?OnRemove@CGh0stView@@IAEXXZ 00412e90 f   gh0stView.obj
 0001:00011ec0       ?OnKeyboard@CGh0stView@@IAEXXZ 00412ec0 f   gh0stView.obj
 0001:00011ee0       ?OnSystem@CGh0stView@@IAEXXZ 00412ee0 f   gh0stView.obj
 0001:00011f00       ?OnRemoteshell@CGh0stView@@IAEXXZ 00412f00 f   gh0stView.obj
 0001:00011f20       ?OnLogoff@CGh0stView@@IAEXXZ 00412f20 f   gh0stView.obj
 0001:00011f40       ?OnReboot@CGh0stView@@IAEXXZ 00412f40 f   gh0stView.obj
 0001:00011f60       ?OnShutdown@CGh0stView@@IAEXXZ 00412f60 f   gh0stView.obj
 0001:00011f80       ?OnSelectAll@CGh0stView@@IAEXXZ 00412f80 f   gh0stView.obj
 0001:00011fe0       ?OnUnselectAll@CGh0stView@@IAEXXZ 00412fe0 f   gh0stView.obj
 0001:00012040       ?OnOpenUrlHide@CGh0stView@@IAEXXZ 00413040 f   gh0stView.obj
 0001:00012250       ?OnOpenUrlShow@CGh0stView@@IAEXXZ 00413250 f   gh0stView.obj
 0001:00012460       ?OnCleanevent@CGh0stView@@IAEXXZ 00413460 f   gh0stView.obj
 0001:00012480       ?OnRenameRemark@CGh0stView@@IAEXXZ 00413480 f   gh0stView.obj
 0001:00012720       ?OnUpdateServer@CGh0stView@@IAEXXZ 00413720 f   gh0stView.obj
 0001:00012930       ?OnDisconnect@CGh0stView@@IAEXXZ 00413930 f   gh0stView.obj
 0001:00012990       ??0CHoverEdit@@QAE@XZ      00413990 f   HoverEdit.obj
 0001:000129b0       ??_GCHoverEdit@@UAEPAXI@Z  004139b0 f i HoverEdit.obj
 0001:000129b0       ??_ECHoverEdit@@UAEPAXI@Z  004139b0 f i HoverEdit.obj
 0001:000129d0       ??1CHoverEdit@@UAE@XZ      004139d0 f   HoverEdit.obj
 0001:000129e0       ?GetMessageMap@CHoverEdit@@MBEPBUAFX_MSGMAP@@XZ 004139e0 f   HoverEdit.obj
 0001:000129f0       ?OnHoverLeave@CHoverEdit@@UAEXXZ 004139f0 f   HoverEdit.obj
 0001:000129f0       ?OnHoverEnter@CHoverEdit@@UAEXXZ 004139f0 f   HoverEdit.obj
 0001:00012a10       ?OnNcPaint@CHoverEdit@@IAEXXZ 00413a10 f   HoverEdit.obj
 0001:00012ac0       ?WindowProc@?$CTrackControl@VCEdit@@@@MAEJIIJ@Z 00413ac0 f i HoverEdit.obj
 0001:00012b80       ??_G?$CTrackControl@VCEdit@@@@UAEPAXI@Z 00413b80 f i HoverEdit.obj
 0001:00012b80       ??_E?$CTrackControl@VCEdit@@@@UAEPAXI@Z 00413b80 f i HoverEdit.obj
 0001:00012ba0       ??1?$CTrackControl@VCEdit@@@@UAE@XZ 00413ba0 f i HoverEdit.obj
 0001:00012bb0       ??0CIniFile@@QAE@XZ        00413bb0 f   IniFile.obj
 0001:00012c90       ??_ECIniFile@@UAEPAXI@Z    00413c90 f i IniFile.obj
 0001:00012c90       ??_GCIniFile@@UAEPAXI@Z    00413c90 f i IniFile.obj
 0001:00012cb0       ??1CIniFile@@UAE@XZ        00413cb0 f   IniFile.obj
 0001:00012cc0       ?GetString@CIniFile@@QAE?AVCString@@V2@00@Z 00413cc0 f   IniFile.obj
 0001:00012d90       ?GetInt@CIniFile@@QAEHVCString@@0H@Z 00413d90 f   IniFile.obj
 0001:00012e00       ?SetString@CIniFile@@QAEHVCString@@00@Z 00413e00 f   IniFile.obj
 0001:00012e80       ?SetInt@CIniFile@@QAEHVCString@@0H@Z 00413e80 f   IniFile.obj
 0001:00012f30       ??0CDlgTemplateBuilder@@QAE@I@Z 00413f30 f   InputDlg.obj
 0001:00012f60       ??1CDlgTemplateBuilder@@QAE@XZ 00413f60 f   InputDlg.obj
 0001:00012f70       ?Begin@CDlgTemplateBuilder@@QAEPAUDLGTEMPLATE@@KABVCRect@@PBDK@Z 00413f70 f   InputDlg.obj
 0001:00012ff0       ?AddItemTemplate@CDlgTemplateBuilder@@IAEXGKABVCRect@@GK@Z 00413ff0 f   InputDlg.obj
 0001:00013070       ?AddItem@CDlgTemplateBuilder@@QAEXGKABVCRect@@PBDGK@Z 00414070 f   InputDlg.obj
 0001:000130c0       ?AddItem@CDlgTemplateBuilder@@QAEXGKABVCRect@@GGK@Z 004140c0 f   InputDlg.obj
 0001:00013120       ?AddText@CDlgTemplateBuilder@@QAEPAGPAGPBD@Z 00414120 f   InputDlg.obj
 0001:00013190       ?Init@CInputDialog@@QAEHPBD0PAVCWnd@@G@Z 00414190 f   InputDlg.obj
 0001:00013360       ?OnInitDialog@CInputDialog@@MAEHXZ 00414360 f   InputDlg.obj
 0001:00013390       ?OnOK@CInputDialog@@MAEXXZ 00414390 f   InputDlg.obj
 0001:000133c0       ??0CIOCPServer@@QAE@XZ     004143c0 f   IOCPServer.obj
 0001:000134d0       ??_GCIOCPServer@@UAEPAXI@Z 004144d0 f i IOCPServer.obj
 0001:000134d0       ??_ECIOCPServer@@UAEPAXI@Z 004144d0 f i IOCPServer.obj
 0001:000134f0       ??1CIOCPServer@@UAE@XZ     004144f0 f   IOCPServer.obj
 0001:000135d0       ?Initialize@CIOCPServer@@QAE_NP6GXPAXPAUClientContext@@I@ZPAVCMainFrame@@HH@Z 004145d0 f   IOCPServer.obj
 0001:000136f0       ?ListenThreadProc@CIOCPServer@@SGIPAX@Z 004146f0 f   IOCPServer.obj
 0001:00013770       ?OnAccept@CIOCPServer@@IAEXXZ 00414770 f   IOCPServer.obj
 0001:000139e0       ?InitializeIOCP@CIOCPServer@@IAE_NXZ 004149e0 f   IOCPServer.obj
 0001:00013ad0       ?ThreadPoolFunc@CIOCPServer@@SGIPAX@Z 00414ad0 f   IOCPServer.obj
 0001:00013ca0       ?Stop@CIOCPServer@@IAEXXZ  00414ca0 f   IOCPServer.obj
 0001:00013cd0       ?PostRecv@CIOCPServer@@QAEXPAUClientContext@@@Z 00414cd0 f   IOCPServer.obj
 0001:00013d50       ?Send@CIOCPServer@@QAEXPAUClientContext@@PAEI@Z 00414d50 f   IOCPServer.obj
 0001:00013f10       ?OnClientInitializing@CIOCPServer@@QAE_NPAUClientContext@@K@Z 00414f10 f   IOCPServer.obj
 0001:00013f20       ?OnClientReading@CIOCPServer@@QAE_NPAUClientContext@@K@Z 00414f20 f   IOCPServer.obj
 0001:000142a0       ?OnClientWriting@CIOCPServer@@QAE_NPAUClientContext@@K@Z 004152a0 f   IOCPServer.obj
 0001:00014420       ?CloseCompletionPort@CIOCPServer@@IAEXXZ 00415420 f   IOCPServer.obj
 0001:000144a0       ?AssociateSocketWithCompletionPort@CIOCPServer@@IAEHIPAXK@Z 004154a0 f   IOCPServer.obj
 0001:000144d0       ?RemoveStaleClient@CIOCPServer@@IAEXPAUClientContext@@H@Z 004154d0 f   IOCPServer.obj
 0001:000145f0       ?Shutdown@CIOCPServer@@QAEXXZ 004155f0 f   IOCPServer.obj
 0001:000146a0       ??1ClientContext@@QAE@XZ   004156a0 f i IOCPServer.obj
 0001:00014710       ?MoveToFreePool@CIOCPServer@@IAEXPAUClientContext@@@Z 00415710 f   IOCPServer.obj
 0001:000148b0       ?AllocateContext@CIOCPServer@@IAEPAUClientContext@@XZ 004158b0 f   IOCPServer.obj
 0001:00014a10       ?RemoveAll@?$CList@PAUClientContext@@PAU1@@@QAEXXZ 00415a10 f i IOCPServer.obj
 0001:00014a40       ??1?$CList@PAUClientContext@@PAU1@@@UAE@XZ 00415a40 f i IOCPServer.obj
 0001:00014aa0       ?Serialize@?$CList@PAUClientContext@@PAU1@@@UAEXAAVCArchive@@@Z 00415aa0 f i IOCPServer.obj
 0001:00014bc0       ??_G?$CList@PAUClientContext@@PAU1@@@UAEPAXI@Z 00415bc0 f i IOCPServer.obj
 0001:00014bc0       ??_E?$CList@PAUClientContext@@PAU1@@@UAEPAXI@Z 00415bc0 f i IOCPServer.obj
 0001:00014be0       ?NewNode@?$CList@PAUClientContext@@PAU1@@@IAEPAUCNode@1@PAU21@0@Z 00415be0 f i IOCPServer.obj
 0001:00014c50       ?ConstructElements@@YGXPAPAUClientContext@@H@Z 00415c50 f i IOCPServer.obj
 0001:00014c70       ??1CLock@@QAE@XZ           00415c70 f i IOCPServer.obj
 0001:00014cc0       ??0CKeyBoardDlg@@QAE@PAVCWnd@@PAVCIOCPServer@@PAUClientContext@@@Z 00415cc0 f   KeyBoardDlg.obj
 0001:00014df0       ??_GCKeyBoardDlg@@UAEPAXI@Z 00415df0 f i KeyBoardDlg.obj
 0001:00014df0       ??_ECKeyBoardDlg@@UAEPAXI@Z 00415df0 f i KeyBoardDlg.obj
 0001:00014e10       ??1CKeyBoardDlg@@UAE@XZ    00415e10 f i KeyBoardDlg.obj
 0001:00014e70       ?DoDataExchange@CShellDlg@@MAEXPAVCDataExchange@@@Z 00415e70 f   KeyBoardDlg.obj
 0001:00014e70       ?DoDataExchange@CKeyBoardDlg@@MAEXPAVCDataExchange@@@Z 00415e70 f   KeyBoardDlg.obj
 0001:00014e90       ?GetMessageMap@CKeyBoardDlg@@MBEPBUAFX_MSGMAP@@XZ 00415e90 f   KeyBoardDlg.obj
 0001:00014ea0       ?OnInitDialog@CKeyBoardDlg@@MAEHXZ 00415ea0 f   KeyBoardDlg.obj
 0001:00014f90       ?OnSysCommand@CKeyBoardDlg@@IAEXIJ@Z 00415f90 f   KeyBoardDlg.obj
 0001:00015070       ?OnReceiveComplete@CKeyBoardDlg@@QAEXXZ 00416070 f   KeyBoardDlg.obj
 0001:000150a0       ?SendException@CKeyBoardDlg@@AAEXXZ 004160a0 f   KeyBoardDlg.obj
 0001:000150d0       ?OnClose@CKeyBoardDlg@@IAEXXZ 004160d0 f   KeyBoardDlg.obj
 0001:000150d0       ?OnClose@CShellDlg@@IAEXXZ 004160d0 f   KeyBoardDlg.obj
 0001:00015100       ?AddKeyBoardData@CKeyBoardDlg@@AAEXXZ 00416100 f   KeyBoardDlg.obj
 0001:00015170       ?OnSize@CKeyBoardDlg@@IAEXIHH@Z 00416170 f   KeyBoardDlg.obj
 0001:00015170       ?OnSize@CShellDlg@@IAEXIHH@Z 00416170 f   KeyBoardDlg.obj
 0001:00015190       ?ResizeEdit@CKeyBoardDlg@@AAEXXZ 00416190 f   KeyBoardDlg.obj
 0001:00015190       ?ResizeEdit@CShellDlg@@AAEXXZ 00416190 f   KeyBoardDlg.obj
 0001:000151d0       ?SaveRecord@CKeyBoardDlg@@AAE_NXZ 004161d0 f   KeyBoardDlg.obj
 0001:000153f0       ?PreTranslateMessage@CWebCamDlg@@UAEHPAUtagMSG@@@Z 004163f0 f   KeyBoardDlg.obj
 0001:000153f0       ?PreTranslateMessage@CKeyBoardDlg@@UAEHPAUtagMSG@@@Z 004163f0 f   KeyBoardDlg.obj
 0001:000153f0       ?PreTranslateMessage@CSystemDlg@@UAEHPAUtagMSG@@@Z 004163f0 f   KeyBoardDlg.obj
 0001:00015420       ?UpdateTitle@CKeyBoardDlg@@AAEXXZ 00416420 f   KeyBoardDlg.obj
 0001:000154f0       ?CreateObject@CMainFrame@@SGPAVCObject@@XZ 004164f0 f   MainFrm.obj
 0001:00015550       ?GetRuntimeClass@CMainFrame@@UBEPAUCRuntimeClass@@XZ 00416550 f   MainFrm.obj
 0001:00015560       ?GetMessageMap@CMainFrame@@MBEPBUAFX_MSGMAP@@XZ 00416560 f   MainFrm.obj
 0001:00015570       ??0CMainFrame@@IAE@XZ      00416570 f   MainFrm.obj
 0001:000155e0       ??_GCMainFrame@@UAEPAXI@Z  004165e0 f i MainFrm.obj
 0001:000155e0       ??_ECMainFrame@@UAEPAXI@Z  004165e0 f i MainFrm.obj
 0001:00015600       ??1CMainFrame@@UAE@XZ      00416600 f   MainFrm.obj
 0001:00015670       ?OnCreate@CMainFrame@@IAEHPAUtagCREATESTRUCTA@@@Z 00416670 f   MainFrm.obj
 0001:000157b0       ?PreCreateWindow@CMainFrame@@UAEHAAUtagCREATESTRUCTA@@@Z 004167b0 f   MainFrm.obj
 0001:00015800       ?NotifyProc@CMainFrame@@SGXPAXPAUClientContext@@I@Z 00416800 f   MainFrm.obj
 0001:00015940       ?Activate@CMainFrame@@QAEXII@Z 00416940 f   MainFrm.obj
 0001:00015b30       ?ProcessReceiveComplete@CMainFrame@@SAXPAUClientContext@@@Z 00416b30 f   MainFrm.obj
 0001:00015d80       ?ProcessReceive@CMainFrame@@SAXPAUClientContext@@@Z 00416d80 f   MainFrm.obj
 0001:00015db0       ?OnClose@CMainFrame@@IAEXXZ 00416db0 f   MainFrm.obj
 0001:00015df0       ?OnTrayNotification@CMainFrame@@IAEJIJ@Z 00416df0 f   MainFrm.obj
 0001:00015e30       ?OnSysCommand@CMainFrame@@IAEXIJ@Z 00416e30 f   MainFrm.obj
 0001:00015ea0       ?OnUpdateStatusBar@CMainFrame@@IAEXPAVCCmdUI@@@Z 00416ea0 f   MainFrm.obj
 0001:00015eb0       ?ShowConnectionsNumber@CMainFrame@@QAEXXZ 00416eb0 f   MainFrm.obj
 0001:00015f40       ?OnShow@CMainFrame@@IAEXXZ 00416f40 f   MainFrm.obj
 0001:00015f60       ?OnHide@CMainFrame@@IAEXXZ 00416f60 f   MainFrm.obj
 0001:00015f70       ?OnExit@CMainFrame@@IAEXXZ 00416f70 f   MainFrm.obj
 0001:00015f80       ?ShowToolTips@CMainFrame@@QAEXPBD@Z 00416f80 f   MainFrm.obj
 0001:00015fa0       ??0CScreenSpyDlg@@QAE@PAVCWnd@@PAVCIOCPServer@@PAUClientContext@@@Z 00416fa0 f   ScreenSpyDlg.obj
 0001:00016230       ??1CCursorInfo@@UAE@XZ     00417230 f i ScreenSpyDlg.obj
 0001:00016260       ??_ECCursorInfo@@UAEPAXI@Z 00417260 f i ScreenSpyDlg.obj
 0001:00016260       ??_GCCursorInfo@@UAEPAXI@Z 00417260 f i ScreenSpyDlg.obj
 0001:000162a0       ??_ECScreenSpyDlg@@UAEPAXI@Z 004172a0 f i ScreenSpyDlg.obj
 0001:000162a0       ??_GCScreenSpyDlg@@UAEPAXI@Z 004172a0 f i ScreenSpyDlg.obj
 0001:000162c0       ??1CScreenSpyDlg@@UAE@XZ   004172c0 f i ScreenSpyDlg.obj
 0001:00016340       ?OnClose@CScreenSpyDlg@@IAEXXZ 00417340 f   ScreenSpyDlg.obj
 0001:000163d0       ?GetMessageMap@CScreenSpyDlg@@MBEPBUAFX_MSGMAP@@XZ 004173d0 f   ScreenSpyDlg.obj
 0001:000163e0       ?OnReceiveComplete@CScreenSpyDlg@@QAEXXZ 004173e0 f   ScreenSpyDlg.obj
 0001:00016490       ?SaveSnapshot@CScreenSpyDlg@@AAE_NXZ 00417490 f   ScreenSpyDlg.obj
 0001:000166e0       ?OnReceive@CScreenSpyDlg@@QAEXXZ 004176e0 f   ScreenSpyDlg.obj
 0001:00016780       ?SendResetScreen@CScreenSpyDlg@@AAEXH@Z 00417780 f   ScreenSpyDlg.obj
 0001:000167c0       ?SendResetAlgorithm@CScreenSpyDlg@@AAEXI@Z 004177c0 f   ScreenSpyDlg.obj
 0001:000167f0       ?OnInitDialog@CScreenSpyDlg@@MAEHXZ 004177f0 f   ScreenSpyDlg.obj
 0001:00016b20       ?ResetScreen@CScreenSpyDlg@@AAEXXZ 00417b20 f   ScreenSpyDlg.obj
 0001:00016cd0       ?DrawFirstScreen@CScreenSpyDlg@@AAEXXZ 00417cd0 f   ScreenSpyDlg.obj
 0001:00016d20       ?DrawNextScreenDiff@CScreenSpyDlg@@AAEXXZ 00417d20 f   ScreenSpyDlg.obj
 0001:00016e60       ?DrawNextScreenRect@CScreenSpyDlg@@AAEXXZ 00417e60 f   ScreenSpyDlg.obj
 0001:000170f0       ?OnPaint@CScreenSpyDlg@@IAEXXZ 004180f0 f   ScreenSpyDlg.obj
 0001:00017220       ?OnSize@CScreenSpyDlg@@IAEXIHH@Z 00418220 f   ScreenSpyDlg.obj
 0001:00017380       ?OnSysCommand@CScreenSpyDlg@@IAEXIJ@Z 00418380 f   ScreenSpyDlg.obj
 0001:00017780       ?OnGetMiniMaxInfo@CScreenSpyDlg@@AAEJIJ@Z 00418780 f   ScreenSpyDlg.obj
 0001:000177b0       ?DrawTipString@CScreenSpyDlg@@AAEXVCString@@@Z 004187b0 f   ScreenSpyDlg.obj
 0001:00017860       ?InitMMI@CScreenSpyDlg@@AAEXXZ 00418860 f   ScreenSpyDlg.obj
 0001:00017910       ?PreTranslateMessage@CScreenSpyDlg@@UAEHPAUtagMSG@@@Z 00418910 f   ScreenSpyDlg.obj
 0001:00017a60       ?SendCommand@CScreenSpyDlg@@AAEXPAUtagMSG@@@Z 00418a60 f   ScreenSpyDlg.obj
 0001:00017ac0       ?OnHScroll@CScreenSpyDlg@@IAEXIIPAVCScrollBar@@@Z 00418ac0 f   ScreenSpyDlg.obj
 0001:00017bb0       ?OnVScroll@CScreenSpyDlg@@IAEXIIPAVCScrollBar@@@Z 00418bb0 f   ScreenSpyDlg.obj
 0001:00017ca0       ?UpdateLocalClipboard@CScreenSpyDlg@@AAEXPADH@Z 00418ca0 f   ScreenSpyDlg.obj
 0001:00017d10       ?SendLocalClipboard@CScreenSpyDlg@@AAEXXZ 00418d10 f   ScreenSpyDlg.obj
 0001:00017dc0       ?SendNext@CScreenSpyDlg@@AAEXXZ 00418dc0 f   ScreenSpyDlg.obj
 0001:00017df0       ?base64_encode@@YAHPBXHPAPAD@Z 00418df0 f   SettingsView.obj
 0001:00017ed0       ?MyEncode@@YAPADPAD@Z      00418ed0 f   SettingsView.obj
 0001:00017f40       ?CreateObject@CSettingsView@@SGPAVCObject@@XZ 00418f40 f   SettingsView.obj
 0001:00017fa0       ?GetRuntimeClass@CSettingsView@@UBEPAUCRuntimeClass@@XZ 00418fa0 f   SettingsView.obj
 0001:00017fb0       ??0CSettingsView@@QAE@XZ   00418fb0 f   SettingsView.obj
 0001:00018520       ??_ECSettingsView@@UAEPAXI@Z 00419520 f i SettingsView.obj
 0001:00018520       ??_GCSettingsView@@UAEPAXI@Z 00419520 f i SettingsView.obj
 0001:00018540       ??1CSettingsView@@UAE@XZ   00419540 f   SettingsView.obj
 0001:00018630       ?DoDataExchange@CSettingsView@@MAEXPAVCDataExchange@@@Z 00419630 f   SettingsView.obj
 0001:00018760       ?GetMessageMap@CSettingsView@@MBEPBUAFX_MSGMAP@@XZ 00419760 f   SettingsView.obj
 0001:00018770       ?OnChangeConfig@CSettingsView@@IAEXI@Z 00419770 f   SettingsView.obj
 0001:00018c90       ?OnActivateView@CSettingsView@@MAEXHPAVCView@@0@Z 00419c90 f   SettingsView.obj
 0001:00018e30       ?OnResetport@CSettingsView@@IAEXXZ 00419e30 f   SettingsView.obj
 0001:00018fa0       ?OnConnectAuto@CSettingsView@@IAEXXZ 00419fa0 f   SettingsView.obj
 0001:00018fd0       ?OnCheckProxy@CSettingsView@@IAEXXZ 00419fd0 f   SettingsView.obj
 0001:00018fd0       ?OnCheckAuth@CSettingsView@@IAEXXZ 00419fd0 f   SettingsView.obj
 0001:00018fe0       ?OnTestMaster@CSettingsView@@IAEXXZ 00419fe0 f   SettingsView.obj
 0001:00019030       ?OnTestProxy@CSettingsView@@IAEXXZ 0041a030 f   SettingsView.obj
 0001:00019090       ?UpdateProxyControl@CSettingsView@@AAEXXZ 0041a090 f   SettingsView.obj
 0001:00019170       ?TestProxy@CSettingsView@@CGKPAX@Z 0041a170 f   SettingsView.obj
 0001:000194f0       ?TestMaster@CSettingsView@@CGKPAX@Z 0041a4f0 f   SettingsView.obj
 0001:00019680       ?OnDisablePoptips@CSettingsView@@IAEXXZ 0041a680 f   SettingsView.obj
 0001:00019720       ?OnSaveasDefault@CSettingsView@@IAEXXZ 0041a720 f   SettingsView.obj
 0001:00019730       ??0SEU_QQwry@@QAE@XZ       0041a730 f   SEU_QQwry.obj
 0001:00019780       ??_ESEU_QQwry@@UAEPAXI@Z   0041a780 f i SEU_QQwry.obj
 0001:00019780       ??_GSEU_QQwry@@UAEPAXI@Z   0041a780 f i SEU_QQwry.obj
 0001:000197a0       ??1SEU_QQwry@@UAE@XZ       0041a7a0 f   SEU_QQwry.obj
 0001:00019800       ?OpenQQwry@SEU_QQwry@@QAE_NVCString@@@Z 0041a800 f   SEU_QQwry.obj
 0001:00019880       ?CloseQQwry@SEU_QQwry@@QAEXXZ 0041a880 f   SEU_QQwry.obj
 0001:000198a0       ?GetBE@SEU_QQwry@@QAE_NXZ  0041a8a0 f   SEU_QQwry.obj
 0001:000198e0       ?GetStartIPInfo@SEU_QQwry@@QAEHH@Z 0041a8e0 f   SEU_QQwry.obj
 0001:00019b50       ?GetRecordCount@SEU_QQwry@@QAEHXZ 0041ab50 f   SEU_QQwry.obj
 0001:00019b90       ?GetStr@SEU_QQwry@@QAE?AVCString@@H@Z 0041ab90 f   SEU_QQwry.obj
 0001:00019c60       ?GetCountryLocal@SEU_QQwry@@QAE?AVCString@@H@Z 0041ac60 f   SEU_QQwry.obj
 0001:00019cc0       ?GetCountryLocal@SEU_QQwry@@QAE?AVCString@@EH@Z 0041acc0 f   SEU_QQwry.obj
 0001:0001a090       ?GetStr@SEU_QQwry@@QAE?AVCString@@XZ 0041b090 f   SEU_QQwry.obj
 0001:0001a130       ?IPtoAdd@SEU_QQwry@@QAE?AVCString@@V2@@Z 0041b130 f   SEU_QQwry.obj
 0001:0001a200       ?GetIndex@SEU_QQwry@@QAEHVCString@@@Z 0041b200 f   SEU_QQwry.obj
 0001:0001a2f0       ?GetSIP@SEU_QQwry@@QAEKH@Z 0041b2f0 f   SEU_QQwry.obj
 0001:0001a3c0       ?IPtoDWORD@SEU_QQwry@@QAEKVCString@@@Z 0041b3c0 f   SEU_QQwry.obj
 0001:0001a4d0       ?SetPath@SEU_QQwry@@QAEXVCString@@@Z 0041b4d0 f   SEU_QQwry.obj
 0001:0001a540       ??0CShellDlg@@QAE@PAVCWnd@@PAVCIOCPServer@@PAUClientContext@@@Z 0041b540 f   ShellDlg.obj
 0001:0001a5e0       ??_GCShellDlg@@UAEPAXI@Z   0041b5e0 f i ShellDlg.obj
 0001:0001a5e0       ??_ECShellDlg@@UAEPAXI@Z   0041b5e0 f i ShellDlg.obj
 0001:0001a600       ??1CShellDlg@@UAE@XZ       0041b600 f i ShellDlg.obj
 0001:0001a650       ?GetMessageMap@CShellDlg@@MBEPBUAFX_MSGMAP@@XZ 0041b650 f   ShellDlg.obj
 0001:0001a660       ?PreTranslateMessage@CShellDlg@@UAEHPAUtagMSG@@@Z 0041b660 f   ShellDlg.obj
 0001:0001a7f0       ?OnInitDialog@CShellDlg@@MAEHXZ 0041b7f0 f   ShellDlg.obj
 0001:0001a920       ?OnReceiveComplete@CShellDlg@@QAEXXZ 0041b920 f   ShellDlg.obj
 0001:0001a940       ?AddKeyBoardData@CShellDlg@@AAEXXZ 0041b940 f   ShellDlg.obj
 0001:0001aa20       ?OnChangeEdit@CShellDlg@@IAEXXZ 0041ba20 f   ShellDlg.obj
 0001:0001aa40       ?OnCtlColor@CShellDlg@@IAEPAUHBRUSH__@@PAVCDC@@PAVCWnd@@I@Z 0041ba40 f   ShellDlg.obj
 0001:0001aaa0       ??0CSystemDlg@@QAE@PAVCWnd@@PAVCIOCPServer@@PAUClientContext@@@Z 0041baa0 f   SystemDlg.obj
 0001:0001ab70       ??_ECSystemDlg@@UAEPAXI@Z  0041bb70 f i SystemDlg.obj
 0001:0001ab70       ??_GCSystemDlg@@UAEPAXI@Z  0041bb70 f i SystemDlg.obj
 0001:0001ab90       ??1CSystemDlg@@UAE@XZ      0041bb90 f i SystemDlg.obj
 0001:0001ac10       ?DoDataExchange@CSystemDlg@@MAEXPAVCDataExchange@@@Z 0041bc10 f   SystemDlg.obj
 0001:0001ac70       ?OnReceiveComplete@CSystemDlg@@QAEXXZ 0041bc70 f   SystemDlg.obj
 0001:0001acb0       ?GetMessageMap@CSystemDlg@@MBEPBUAFX_MSGMAP@@XZ 0041bcb0 f   SystemDlg.obj
 0001:0001acc0       ?ShowProcessList@CSystemDlg@@AAEXXZ 0041bcc0 f   SystemDlg.obj
 0001:0001ae70       ?ShowWindowsList@CSystemDlg@@AAEXXZ 0041be70 f   SystemDlg.obj
 0001:0001afe0       ?ShowDialupassList@CSystemDlg@@AAEXXZ 0041bfe0 f   SystemDlg.obj
 0001:0001b0a0       ?OnInitDialog@CSystemDlg@@EAEHXZ 0041c0a0 f   SystemDlg.obj
 0001:0001b2f0       ?OnClose@CSystemDlg@@AAEXXZ 0041c2f0 f   SystemDlg.obj
 0001:0001b320       ?OnSize@CSystemDlg@@AAEXIHH@Z 0041c320 f   SystemDlg.obj
 0001:0001b340       ?AdjustList@CSystemDlg@@AAEXXZ 0041c340 f   SystemDlg.obj
 0001:0001b3a0       ?ShowSelectWindow@CSystemDlg@@AAEXXZ 0041c3a0 f   SystemDlg.obj
 0001:0001b4a0       ?OnRclickList@CSystemDlg@@AAEXPAUtagNMHDR@@PAJ@Z 0041c4a0 f   SystemDlg.obj
 0001:0001b570       ?OnKillprocess@CSystemDlg@@AAEXXZ 0041c570 f   SystemDlg.obj
 0001:0001b710       ?OnRefreshPsList@CSystemDlg@@AAEXXZ 0041c710 f   SystemDlg.obj
 0001:0001b750       ?GetProcessList@CSystemDlg@@AAEXXZ 0041c750 f   SystemDlg.obj
 0001:0001b780       ?GetWindowsList@CSystemDlg@@AAEXXZ 0041c780 f   SystemDlg.obj
 0001:0001b7b0       ?GetDialupassList@CSystemDlg@@AAEXXZ 0041c7b0 f   SystemDlg.obj
 0001:0001b7e0       ?OnSelchangeTab@CSystemDlg@@AAEXPAUtagNMHDR@@PAJ@Z 0041c7e0 f   SystemDlg.obj
 0001:0001b800       ??_GCTabCtrl@@UAEPAXI@Z    0041c800 f i SystemDlg.obj
 0001:0001b800       ??_ECTabCtrl@@UAEPAXI@Z    0041c800 f i SystemDlg.obj
 0001:0001b820       ?CreateObject@CTabSDIFrameWnd@@SGPAVCObject@@XZ 0041c820 f   TabSDIFrameWnd.obj
 0001:0001b880       ?GetRuntimeClass@CTabSDIFrameWnd@@UBEPAUCRuntimeClass@@XZ 0041c880 f   TabSDIFrameWnd.obj
 0001:0001b890       ??0CTabSDIFrameWnd@@IAE@XZ 0041c890 f   TabSDIFrameWnd.obj
 0001:0001b8e0       ??_ECTabSDIFrameWnd@@MAEPAXI@Z 0041c8e0 f i TabSDIFrameWnd.obj
 0001:0001b8e0       ??_GCTabSDIFrameWnd@@MAEPAXI@Z 0041c8e0 f i TabSDIFrameWnd.obj
 0001:0001b900       ??1CTabSDIFrameWnd@@MAE@XZ 0041c900 f   TabSDIFrameWnd.obj
 0001:0001b960       ?GetMessageMap@CTabSDIFrameWnd@@MBEPBUAFX_MSGMAP@@XZ 0041c960 f   TabSDIFrameWnd.obj
 0001:0001b970       ?OnSelchangeTabctrl@CTabSDIFrameWnd@@IAEXPAUtagNMHDR@@PAJ@Z 0041c970 f   TabSDIFrameWnd.obj
 0001:0001b990       ?OnClickTabctrl@CTabSDIFrameWnd@@IAEXPAUtagNMHDR@@PAJ@Z 0041c990 f   TabSDIFrameWnd.obj
 0001:0001b9c0       ?AddView@CTabSDIFrameWnd@@QAEHVCString@@PAVCView@@0@Z 0041c9c0 f   TabSDIFrameWnd.obj
 0001:0001bb30       ?GetItemCount@CCustomTabCtrl@@QAEHXZ 0041cb30 f i TabSDIFrameWnd.obj
 0001:0001bb40       ?DeleteActiveView@CTabSDIFrameWnd@@QAEHXZ 0041cb40 f   TabSDIFrameWnd.obj
 0001:0001bc90       ?DeleteContents@CTabSDIFrameWnd@@QAEXXZ 0041cc90 f   TabSDIFrameWnd.obj
 0001:0001bcf0       ?SetCurView@CTabSDIFrameWnd@@QAEHH@Z 0041ccf0 f   TabSDIFrameWnd.obj
 0001:0001be30       ??0CThemeUtil@@QAE@XZ      0041ce30 f   ThemeUtil.obj
 0001:0001be80       ??_ECThemeUtil@@UAEPAXI@Z  0041ce80 f i ThemeUtil.obj
 0001:0001be80       ??_GCThemeUtil@@UAEPAXI@Z  0041ce80 f i ThemeUtil.obj
 0001:0001bea0       ??1CThemeUtil@@UAE@XZ      0041cea0 f   ThemeUtil.obj
 0001:0001beb0       ?FreeLibrary@CThemeUtil@@AAEXXZ 0041ceb0 f   ThemeUtil.obj
 0001:0001bed0       ?IsWinXP@CThemeUtil@@AAEHXZ 0041ced0 f   ThemeUtil.obj
 0001:0001bf30       ?OpenThemeData@CThemeUtil@@QAEHPAUHWND__@@PBG@Z 0041cf30 f   ThemeUtil.obj
 0001:0001c030       ?CloseThemeData@CThemeUtil@@QAEXXZ 0041d030 f   ThemeUtil.obj
 0001:0001c080       ?GetThemeColor@CThemeUtil@@QAEHHHHPBK@Z 0041d080 f   ThemeUtil.obj
 0001:0001c0d0       ?GetThemeEnumValue@CThemeUtil@@QAEHHHHPBH@Z 0041d0d0 f   ThemeUtil.obj
 0001:0001c120       ?GetThemeInt@CThemeUtil@@QAEHHHHPBH@Z 0041d120 f   ThemeUtil.obj
 0001:0001c170       ?GetThemeMargins@CThemeUtil@@QAEHHHHPBU_MY_MARGINS@@@Z 0041d170 f   ThemeUtil.obj
 0001:0001c1c0       ?GetThemeFilename@CThemeUtil@@QAEHHHHPAGH@Z 0041d1c0 f   ThemeUtil.obj
 0001:0001c210       ?GetCurrentThemeName@CThemeUtil@@QAEHPAGH0H0H@Z 0041d210 f   ThemeUtil.obj
 0001:0001c260       ?LoadBitmapA@CThemeUtil@@QAEPAUHBITMAP__@@PAG@Z 0041d260 f   ThemeUtil.obj
 0001:0001c310       ?GetRuntimeClass@CTrayIcon@@UBEPAUCRuntimeClass@@XZ 0041d310 f   TrayIcon.obj
 0001:0001c320       ??0CTrayIcon@@QAE@XZ       0041d320 f   TrayIcon.obj
 0001:0001c340       ??_ECTrayIcon@@UAEPAXI@Z   0041d340 f i TrayIcon.obj
 0001:0001c340       ??_GCTrayIcon@@UAEPAXI@Z   0041d340 f i TrayIcon.obj
 0001:0001c360       ?Create@CTrayIcon@@QAEHPAVCWnd@@IPBDPAUHICON__@@IH@Z 0041d360 f   TrayIcon.obj
 0001:0001c4e0       ??1CTrayIcon@@UAE@XZ       0041d4e0 f   TrayIcon.obj
 0001:0001c520       ?RemoveIcon@CTrayIcon@@QAEXXZ 0041d520 f   TrayIcon.obj
 0001:0001c550       ?SetTooltipText@CTrayIcon@@QAEHPBD@Z 0041d550 f   TrayIcon.obj
 0001:0001c5f0       ?OnTrayNotification@CTrayIcon@@UAEJIJ@Z 0041d5f0 f   TrayIcon.obj
 0001:0001c830       ??0CTrueColorToolBar@@QAE@XZ 0041d830 f   TrueColorToolBar.obj
 0001:0001c870       ??_ECTrueColorToolBar@@UAEPAXI@Z 0041d870 f i TrueColorToolBar.obj
 0001:0001c870       ??_GCTrueColorToolBar@@UAEPAXI@Z 0041d870 f i TrueColorToolBar.obj
 0001:0001c890       ??1CTrueColorToolBar@@UAE@XZ 0041d890 f   TrueColorToolBar.obj
 0001:0001c910       ?GetMessageMap@CTrueColorToolBar@@MBEPBUAFX_MSGMAP@@XZ 0041d910 f   TrueColorToolBar.obj
 0001:0001c920       ?LoadTrueColorToolBar@CTrueColorToolBar@@QAEHHIII@Z 0041d920 f   TrueColorToolBar.obj
 0001:0001c990       ?SetTrueColorToolBar@CTrueColorToolBar@@AAEHIIH@Z 0041d990 f   TrueColorToolBar.obj
 0001:0001cb50       ?AddDropDownButton@CTrueColorToolBar@@QAEXPAVCWnd@@II@Z 0041db50 f   TrueColorToolBar.obj
 0001:0001cd50       ?OnToolbarDropDown@CTrueColorToolBar@@IAEXPAUtagNMTOOLBARA@@PAJ@Z 0041dd50 f   TrueColorToolBar.obj
 0001:0001ce60       ?Serialize@?$CArray@UstDropDownInfo@CTrueColorToolBar@@AAU12@@@UAEXAAVCArchive@@@Z 0041de60 f i TrueColorToolBar.obj
 0001:0001d020       ??_E?$CArray@UstDropDownInfo@CTrueColorToolBar@@AAU12@@@UAEPAXI@Z 0041e020 f i TrueColorToolBar.obj
 0001:0001d020       ??_G?$CArray@UstDropDownInfo@CTrueColorToolBar@@AAU12@@@UAEPAXI@Z 0041e020 f i TrueColorToolBar.obj
 0001:0001d040       ??1?$CArray@UstDropDownInfo@CTrueColorToolBar@@AAU12@@@UAE@XZ 0041e040 f i TrueColorToolBar.obj
 0001:0001d090       ??0CWebCamDlg@@QAE@PAVCWnd@@PAVCIOCPServer@@PAUClientContext@@@Z 0041e090 f   WebCamDlg.obj
 0001:0001d1b0       ??_ECWebCamDlg@@UAEPAXI@Z  0041e1b0 f i WebCamDlg.obj
 0001:0001d1b0       ??_GCWebCamDlg@@UAEPAXI@Z  0041e1b0 f i WebCamDlg.obj
 0001:0001d1d0       ??1CWebCamDlg@@UAE@XZ      0041e1d0 f i WebCamDlg.obj
 0001:0001d240       ?GetMessageMap@CWebCamDlg@@MBEPBUAFX_MSGMAP@@XZ 0041e240 f   WebCamDlg.obj
 0001:0001d250       ?OnReceive@CWebCamDlg@@QAEXXZ 0041e250 f   WebCamDlg.obj
 0001:0001d2e0       ?OnReceiveComplete@CWebCamDlg@@QAEXXZ 0041e2e0 f   WebCamDlg.obj
 0001:0001d330       ?SaveSnapshot@CWebCamDlg@@AAE_NXZ 0041e330 f   WebCamDlg.obj
 0001:0001d580       ?SaveAvi@CWebCamDlg@@AAEXXZ 0041e580 f   WebCamDlg.obj
 0001:0001d7a0       ?SendException@CWebCamDlg@@AAEXXZ 0041e7a0 f   WebCamDlg.obj
 0001:0001d7d0       ?OnGetMiniMaxInfo@CWebCamDlg@@AAEJIJ@Z 0041e7d0 f   WebCamDlg.obj
 0001:0001d800       ?InitMMI@CWebCamDlg@@AAEXXZ 0041e800 f   WebCamDlg.obj
 0001:0001d8e0       ?OnClose@CWebCamDlg@@IAEXXZ 0041e8e0 f   WebCamDlg.obj
 0001:0001d980       ?OnInitDialog@CWebCamDlg@@MAEHXZ 0041e980 f   WebCamDlg.obj
 0001:0001db50       ?OnSysCommand@CWebCamDlg@@IAEXIJ@Z 0041eb50 f   WebCamDlg.obj
 0001:0001dc70       ?DrawDIB@CWebCamDlg@@AAEXXZ 0041ec70 f   WebCamDlg.obj
 0001:0001dd80       ?InitCodec@CWebCamDlg@@AAEXK@Z 0041ed80 f   WebCamDlg.obj
 0001:0001dee0       ??_ECVideoCodec@@UAEPAXI@Z 0041eee0 f i WebCamDlg.obj
 0001:0001dee0       ??_GCVideoCodec@@UAEPAXI@Z 0041eee0 f i WebCamDlg.obj
 0001:0001df30       ?SendResetScreen@CWebCamDlg@@AAE_NHH@Z 0041ef30 f   WebCamDlg.obj
 0001:0001dfb0       ?ResetScreen@CWebCamDlg@@AAEXXZ 0041efb0 f   WebCamDlg.obj
 0001:0001e0c0       ?OnPaint@CWebCamDlg@@IAEXXZ 0041f0c0 f   WebCamDlg.obj
 0001:0001e1c0       ?OnShowWindow@CWebCamDlg@@IAEXHI@Z 0041f1c0 f   WebCamDlg.obj
 0001:0001e1d0       ?OnSize@CWebCamDlg@@IAEXIHH@Z 0041f1d0 f   WebCamDlg.obj
 0001:0001e2c0       ?PostNcDestroy@CScreenSpyDlg@@MAEXXZ 0041f2c0 f   WebCamDlg.obj
 0001:0001e2c0       ?PostNcDestroy@CWebCamDlg@@MAEXXZ 0041f2c0 f   WebCamDlg.obj
 0001:0001e2c0       ?PostNcDestroy@CKeyBoardDlg@@MAEXXZ 0041f2c0 f   WebCamDlg.obj
 0001:0001e2c0       ?PostNcDestroy@CFileManagerDlg@@MAEXXZ 0041f2c0 f   WebCamDlg.obj
 0001:0001e2e0       ??0CWinXPButtonST@@QAE@XZ  0041f2e0 f   WinXPButtonST.obj
 0001:0001e300       ??_GCWinXPButtonST@@UAEPAXI@Z 0041f300 f i WinXPButtonST.obj
 0001:0001e300       ??_ECWinXPButtonST@@UAEPAXI@Z 0041f300 f i WinXPButtonST.obj
 0001:0001e320       ??1CWinXPButtonST@@UAE@XZ  0041f320 f   WinXPButtonST.obj
 0001:0001e330       ?OnDrawBorder@CWinXPButtonST@@MAEKPAVCDC@@PAVCRect@@@Z 0041f330 f   WinXPButtonST.obj
 0001:0001e340       ?OnDrawBackground@CWinXPButtonST@@MAEKPAVCDC@@PAVCRect@@@Z 0041f340 f   WinXPButtonST.obj
 0001:0001e480       ??_GCPen@@UAEPAXI@Z        0041f480 f i WinXPButtonST.obj
 0001:0001e480       ??_ECPen@@UAEPAXI@Z        0041f480 f i WinXPButtonST.obj
 0001:0001e4a0       _compress2                 0041f4a0 f   zlib:compress.obj
 0001:0001e550       _compress                  0041f550 f   zlib:compress.obj
 0001:0001e570       _uncompress                0041f570 f   zlib:uncompr.obj
 0001:0001e610       _deflateInit_              0041f610 f   zlib:deflate.obj
 0001:0001e640       _deflateInit2_             0041f640 f   zlib:deflate.obj
 0001:0001e840       _deflateReset              0041f840 f   zlib:deflate.obj
 0001:0001e8c0       _deflate                   0041f8c0 f   zlib:deflate.obj
 0001:0001ec20       _deflateEnd                0041fc20 f   zlib:deflate.obj
 0001:0001f950       _inflateReset              00420950 f   zlib:inflate.obj
 0001:0001f9a0       _inflateEnd                004209a0 f   zlib:inflate.obj
 0001:0001f9f0       _inflateInit2_             004209f0 f   zlib:inflate.obj
 0001:0001fb00       _inflateInit_              00420b00 f   zlib:inflate.obj
 0001:0001fb20       _inflate                   00420b20 f   zlib:inflate.obj
 0001:0001ff50       _zcalloc                   00420f50 f   zlib:zutil.obj
 0001:0001ff70       _zcfree                    00420f70 f   zlib:zutil.obj
 0001:0001ff80       _adler32                   00420f80 f   zlib:adler32.obj
 0001:000200b0       __tr_init                  004210b0 f   zlib:trees.obj
 0001:000201a0       __tr_stored_block          004211a0 f   zlib:trees.obj
 0001:00020240       __tr_align                 00421240 f   zlib:trees.obj
 0001:000204a0       __tr_flush_block           004214a0 f   zlib:trees.obj
 0001:00021c40       _inflate_blocks_reset      00422c40 f   zlib:infblock.obj
 0001:00021cc0       _inflate_blocks_new        00422cc0 f   zlib:infblock.obj
 0001:00021d60       _inflate_blocks            00422d60 f   zlib:infblock.obj
 0001:00022a70       _inflate_blocks_free       00423a70 f   zlib:infblock.obj
 0001:00022ab0       _inflate_codes_new         00423ab0 f   zlib:infcodes.obj
 0001:00022af0       _inflate_codes             00423af0 f   zlib:infcodes.obj
 0001:000232a0       _inflate_codes_free        004242a0 f   zlib:infcodes.obj
 0001:000232c0       _inflate_trees_bits        004242c0 f   zlib:inftrees.obj
 0001:00023830       _inflate_trees_dynamic     00424830 f   zlib:inftrees.obj
 0001:000239c0       _inflate_trees_fixed       004249c0 f   zlib:inftrees.obj
 0001:000239f0       _inflate_flush             004249f0 f   zlib:infutil.obj
 0001:00023b30       _inflate_fast              00424b30 f   zlib:inffast.obj
 0001:00023f00       ?AfxGetMainWnd@@YGPAVCWnd@@XZ 00424f00 f i nafxcw:dlgcore.obj
 0001:00023f14       ??_9@$BME@AE               00424f14 f i nafxcw:dlgcore.obj
 0001:00023f1c       ??_9@$BMI@AE               00424f1c f i nafxcw:dlgcore.obj
 0001:00023f24       _InitMultipleMonitorStubs  00424f24 f   nafxcw:wincore.obj
 0001:00023ffc       _xMonitorFromRect@8        00424ffc f   nafxcw:wincore.obj
 0001:00024052       _xMonitorFromWindow@8      00425052 f   nafxcw:wincore.obj
 0001:000240bd       _xGetMonitorInfo@8         004250bd f   nafxcw:wincore.obj
 0001:00024150       ?GetOwner@CWnd@@QBEPAV1@XZ 00425150 f i nafxcw:wincore.obj
 0001:00024167       ??1CWaitCursor@@QAE@XZ     00425167 f i nafxcw:wincore.obj
 0001:00024174       ??1COccManager@@UAE@XZ     00425174 f i nafxcw:afxstate.obj
 0001:00024174       ??1CException@@UAE@XZ      00425174 f i nafxcw:afxstate.obj
 0001:00024174       ??1CNoTrackObject@@UAE@XZ  00425174 f i nafxcw:afxstate.obj
 0001:00024175       ??0CResourceException@@QAE@HI@Z 00425175 f i nafxcw:wingdi.obj
 0001:0002419f       ??_ECResourceException@@UAEPAXI@Z 0042519f f i nafxcw:wingdi.obj
 0001:0002419f       ??_GCResourceException@@UAEPAXI@Z 0042519f f i nafxcw:wingdi.obj
 0001:000241bb       ??1CResourceException@@UAE@XZ 004251bb f i nafxcw:wingdi.obj
 0001:000241c2       ??0CUserException@@QAE@HI@Z 004251c2 f i nafxcw:wingdi.obj
 0001:000241ec       ??_ECUserException@@UAEPAXI@Z 004251ec f i nafxcw:wingdi.obj
 0001:000241ec       ??_GCUserException@@UAEPAXI@Z 004251ec f i nafxcw:wingdi.obj
 0001:00024208       ??1CUserException@@UAE@XZ  00425208 f i nafxcw:wingdi.obj
 0001:0002420f       ??_GCBrush@@UAEPAXI@Z      0042520f f i nafxcw:wingdi.obj
 0001:0002420f       ??_ECBrush@@UAEPAXI@Z      0042520f f i nafxcw:wingdi.obj
 0001:0002422b       ?PtVisible@CDC@@UBEHHH@Z   0042522b f i nafxcw:wingdi.obj
 0001:0002423f       ?RectVisible@CDC@@UBEHPBUtagRECT@@@Z 0042523f f i nafxcw:wingdi.obj
 0001:0002424f       ?TextOutA@CDC@@UAEHHHPBDH@Z 0042524f f i nafxcw:wingdi.obj
 0001:0002426b       ?ExtTextOutA@CDC@@UAEHHHIPBUtagRECT@@PBDIPAH@Z 0042526b f i nafxcw:wingdi.obj
 0001:00024290       ?TabbedTextOutA@CDC@@UAE?AVCSize@@HHPBDHHPAHH@Z 00425290 f i nafxcw:wingdi.obj
 0001:000242c8       ?DrawTextA@CDC@@UAEHPBDHPAUtagRECT@@I@Z 004252c8 f i nafxcw:wingdi.obj
 0001:000242e4       ?GrayStringA@CDC@@UAEHPAVCBrush@@P6GHPAUHDC__@@JH@ZJHHHHH@Z 004252e4 f i nafxcw:wingdi.obj
 0001:00024314       ?Escape@CDC@@UAEHHHPBDPAX@Z 00425314 f i nafxcw:wingdi.obj
 0001:00024330       ??_GCFileException@@UAEPAXI@Z 00425330 f i nafxcw:filecore.obj
 0001:00024330       ??_ECFileException@@UAEPAXI@Z 00425330 f i nafxcw:filecore.obj
 0001:0002434c       ??1CFileException@@UAE@XZ  0042534c f i nafxcw:filecore.obj
 0001:00024378       ?SetFilePath@CFile@@UAEXPBD@Z 00425378 f i nafxcw:filecore.obj
 0001:00024387       ??_9@$BOA@AE               00425387 f i nafxcw:viewcore.obj
 0001:0002438f       ??1CPushRoutingView@@QAE@XZ 0042538f f i nafxcw:viewcore.obj
 0001:0002439b       ??0CMemoryException@@QAE@HI@Z 0042539b f i nafxcw:except.obj
 0001:000243c5       ??_ECMemoryException@@UAEPAXI@Z 004253c5 f i nafxcw:except.obj
 0001:000243c5       ??_GCMemoryException@@UAEPAXI@Z 004253c5 f i nafxcw:except.obj
 0001:000243e1       ??1CMemoryException@@UAE@XZ 004253e1 f i nafxcw:except.obj
 0001:000243e8       ??0CNotSupportedException@@QAE@HI@Z 004253e8 f i nafxcw:except.obj
 0001:00024412       ??_ECNotSupportedException@@UAEPAXI@Z 00425412 f i nafxcw:except.obj
 0001:00024412       ??_GCNotSupportedException@@UAEPAXI@Z 00425412 f i nafxcw:except.obj
 0001:0002442e       ??1CNotSupportedException@@UAE@XZ 0042542e f i nafxcw:except.obj
 0001:00024435       ??6CArchive@@QAEAAV0@E@Z   00425435 f i nafxcw:arccore.obj
 0001:00024458       ??6CArchive@@QAEAAV0@G@Z   00425458 f i nafxcw:arccore.obj
 0001:0002447f       ??6CArchive@@QAEAAV0@K@Z   0042547f f i nafxcw:arccore.obj
 0001:000244a5       ??5CArchive@@QAEAAV0@AAE@Z 004254a5 f i nafxcw:arccore.obj
 0001:000244d4       ??5CArchive@@QAEAAV0@AAG@Z 004254d4 f i nafxcw:arccore.obj
 0001:00024507       ??5CArchive@@QAEAAV0@AAK@Z 00425507 f i nafxcw:arccore.obj
 0001:00024539       ??_GCHeaderCtrl@@UAEPAXI@Z 00425539 f i nafxcw:winctrl2.obj
 0001:00024539       ??_ECHeaderCtrl@@UAEPAXI@Z 00425539 f i nafxcw:winctrl2.obj
 0001:00024555       ??0CFileFind@@QAE@XZ       00425555 f   nafxcw:filefind.obj
 0001:00024576       ??_ECFileFind@@UAEPAXI@Z   00425576 f i nafxcw:filefind.obj
 0001:00024576       ??_GCFileFind@@UAEPAXI@Z   00425576 f i nafxcw:filefind.obj
 0001:00024592       ??1CFileFind@@UAE@XZ       00425592 f   nafxcw:filefind.obj
 0001:000245ce       ?Close@CFileFind@@QAEXXZ   004255ce f   nafxcw:filefind.obj
 0001:0002460e       ?CloseContext@CFileFind@@MAEXXZ 0042560e f   nafxcw:filefind.obj
 0001:00024618       ?FindFile@CFileFind@@UAEHPBDK@Z 00425618 f   nafxcw:filefind.obj
 0001:000246f8       ?MatchesMask@CFileFind@@UBEHK@Z 004256f8 f   nafxcw:filefind.obj
 0001:00024712       ?GetLastAccessTime@CFileFind@@UBEHPAU_FILETIME@@@Z 00425712 f   nafxcw:filefind.obj
 0001:00024736       ?GetLastWriteTime@CFileFind@@UBEHPAU_FILETIME@@@Z 00425736 f   nafxcw:filefind.obj
 0001:0002475a       ?GetCreationTime@CFileFind@@UBEHPAU_FILETIME@@@Z 0042575a f   nafxcw:filefind.obj
 0001:0002477e       ?GetLastAccessTime@CFileFind@@UBEHAAVCTime@@@Z 0042577e f   nafxcw:filefind.obj
 0001:000247a9       ?GetLastWriteTime@CFileFind@@UBEHAAVCTime@@@Z 004257a9 f   nafxcw:filefind.obj
 0001:000247d4       ?GetCreationTime@CFileFind@@UBEHAAVCTime@@@Z 004257d4 f   nafxcw:filefind.obj
 0001:000247ff       ?IsDots@CFileFind@@UBEHXZ  004257ff f   nafxcw:filefind.obj
 0001:00024838       ?FindNextFileA@CFileFind@@UAEHXZ 00425838 f   nafxcw:filefind.obj
 0001:00024873       ?GetFileURL@CFileFind@@UBE?AVCString@@XZ 00425873 f   nafxcw:filefind.obj
 0001:000248ec       ?GetRoot@CFileFind@@UBE?AVCString@@XZ 004258ec f   nafxcw:filefind.obj
 0001:00024907       ?GetFilePath@CFileFind@@UBE?AVCString@@XZ 00425907 f   nafxcw:filefind.obj
 0001:0002499f       ?GetFileTitle@CFileFind@@UBE?AVCString@@XZ 0042599f f   nafxcw:filefind.obj
 0001:00024a30       ?GetFileName@CFileFind@@UBE?AVCString@@XZ 00425a30 f   nafxcw:filefind.obj
 0001:00024a8f       ?GetLength@CFileFind@@QBEKXZ 00425a8f f   nafxcw:filefind.obj
 0001:00024abe       ??1?$CProcessLocal@VCOccManager@@@@QAE@XZ 00425abe f i nafxcw:occmgr.obj
 0001:00024ac3       ?AfxEnableControlContainer@@YAXPAVCOccManager@@@Z 00425ac3 f   nafxcw:occmgr.obj
 0001:00024aea       ?_AfxFindFirstDlgItem@@YGPAUDLGITEMTEMPLATE@@PBUDLGTEMPLATE@@@Z 00425aea f   nafxcw:occmgr.obj
 0001:00024b70       ?_AfxFindNextDlgItem@@YGPAUDLGITEMTEMPLATE@@PAU1@H@Z 00425b70 f   nafxcw:occmgr.obj
 0001:00024bc4       ?OnEvent@COccManager@@UAEHPAVCCmdTarget@@IPAUAFX_EVENT@@PAUAFX_CMDHANDLERINFO@@@Z 00425bc4 f   nafxcw:occmgr.obj
 0001:00024bdc       ?CreateContainer@COccManager@@UAEPAVCOleControlContainer@@PAVCWnd@@@Z 00425bdc f   nafxcw:occmgr.obj
 0001:00024c13       ?CreateSite@COccManager@@UAEPAVCOleControlSite@@PAVCOleControlContainer@@@Z 00425c13 f   nafxcw:occmgr.obj
 0001:00024c4d       ?PreCreateDialog@COccManager@@UAEPBUDLGTEMPLATE@@PAU_AFX_OCC_DIALOG_INFO@@PBU2@@Z 00425c4d f   nafxcw:occmgr.obj
 0001:00024c97       ?PostCreateDialog@COccManager@@UAEXPAU_AFX_OCC_DIALOG_INFO@@@Z 00425c97 f   nafxcw:occmgr.obj
 0001:00024cbb       ?SplitDialogTemplate@COccManager@@UAEPAUDLGTEMPLATE@@PBU2@PAPAUDLGITEMTEMPLATE@@@Z 00425cbb f   nafxcw:occmgr.obj
 0001:00024dfa       ?CreateDlgControls@COccManager@@UAEHPAVCWnd@@PBDPAU_AFX_OCC_DIALOG_INFO@@@Z 00425dfa f   nafxcw:occmgr.obj
 0001:00024e55       ?CreateDlgControls@COccManager@@UAEHPAVCWnd@@PAXPAU_AFX_OCC_DIALOG_INFO@@@Z 00425e55 f   nafxcw:occmgr.obj
 0001:00024fb0       ?BindControls@COccManager@@IAEXPAVCWnd@@@Z 00425fb0 f   nafxcw:occmgr.obj
 0001:000250cb       ?CreateDlgControl@COccManager@@IAEPAUHWND__@@PAVCWnd@@PAU2@HPAUDLGITEMTEMPLATE@@GPAEK@Z 004260cb f   nafxcw:occmgr.obj
 0001:00025396       ?CreateObject@?$CProcessLocal@VCOccManager@@@@SGPAVCNoTrackObject@@XZ 00426396 f i nafxcw:occmgr.obj
 0001:000253ab       ??_ECOccManager@@UAEPAXI@Z 004263ab f i nafxcw:occmgr.obj
 0001:000253ab       ??_GCOccManager@@UAEPAXI@Z 004263ab f i nafxcw:occmgr.obj
 0001:000253c6       ??_ECListView@@UAEPAXI@Z   004263c6 f i nafxcw:viewcmn.obj
 0001:000253c6       ??_GCListView@@UAEPAXI@Z   004263c6 f i nafxcw:viewcmn.obj
 0001:000253e2       ??1CListView@@UAE@XZ       004263e2 f i nafxcw:viewcmn.obj
 0001:00025417       ??1CPushRoutingFrame@@QAE@XZ 00426417 f i nafxcw:winfrm.obj
 0001:00025423       ??0CPoint@@QAE@K@Z         00426423 f i nafxcw:barcore.obj
 0001:0002543a       ?OnCancelMode@CWnd@@IAEXXZ 0042643a f i nafxcw:barcore.obj
 0001:0002543f       ?OnEraseBkgnd@CWnd@@IAEHPAVCDC@@@Z 0042643f f i nafxcw:barcore.obj
 0001:00025447       ?OnShowWindow@CWnd@@IAEXHI@Z 00426447 f i nafxcw:barcore.obj
 0001:0002544f       ??_ECHandleMap@@UAEPAXI@Z  0042644f f i nafxcw:winhand.obj
 0001:0002544f       ??_GCHandleMap@@UAEPAXI@Z  0042644f f i nafxcw:winhand.obj
 0001:0002546b       ??1CHandleMap@@UAE@XZ      0042646b f i nafxcw:winhand.obj
 0001:000254b3       ??0CFixedAlloc@@QAE@II@Z   004264b3 f   nafxcw:fixalloc.obj
 0001:000254db       ??1CFixedAlloc@@QAE@XZ     004264db f   nafxcw:fixalloc.obj
 0001:000254ef       ?FreeAll@CFixedAlloc@@QAEXXZ 004264ef f   nafxcw:fixalloc.obj
 0001:00025517       ?Alloc@CFixedAlloc@@QAEPAXXZ 00426517 f   nafxcw:fixalloc.obj
 0001:000255a6       ?Free@CFixedAlloc@@QAEXPAX@Z 004265a6 f   nafxcw:fixalloc.obj
 0001:000255d2       ??_GCArchiveException@@UAEPAXI@Z 004265d2 f i nafxcw:arcex.obj
 0001:000255d2       ??_ECArchiveException@@UAEPAXI@Z 004265d2 f i nafxcw:arcex.obj
 0001:000255ee       ??1CArchiveException@@UAE@XZ 004265ee f i nafxcw:arcex.obj
 0001:0002561a       ?OnEvent@CCmdTarget@@QAEHIPAUAFX_EVENT@@PAUAFX_CMDHANDLERINFO@@@Z 0042661a f   nafxcw:occevent.obj
 0001:0002582c       ?GetEventSinkEntry@CCmdTarget@@IAGPBUAFX_EVENTSINKMAP_ENTRY@@IPAUAFX_EVENT@@@Z 0042682c f   nafxcw:occevent.obj
 0001:000258a1       ?InitControlContainer@CWnd@@IAEHXZ 004268a1 f   nafxcw:occcont.obj
 0001:0002594a       ?GetInterfaceMap@COleControlContainer@@MBEPBUAFX_INTERFACEMAP@@XZ 0042694a f   nafxcw:occcont.obj
 0001:00025950       ?GetDispatchMap@COleControlContainer@@MBEPBUAFX_DISPMAP@@XZ 00426950 f   nafxcw:occcont.obj
 0001:00025956       ??0COleControlContainer@@QAE@PAVCWnd@@@Z 00426956 f   nafxcw:occcont.obj
 0001:000259b5       ??_ECOleControlContainer@@UAEPAXI@Z 004269b5 f i nafxcw:occcont.obj
 0001:000259b5       ??_GCOleControlContainer@@UAEPAXI@Z 004269b5 f i nafxcw:occcont.obj
 0001:000259d1       ??1COleControlContainer@@UAE@XZ 004269d1 f   nafxcw:occcont.obj
 0001:00025aaf       ?CreateControl@COleControlContainer@@QAEHPAVCWnd@@ABU_GUID@@PBDKABUtagRECT@@IPAVCFile@@HPAGPAPAVCOleControlSite@@@Z 00426aaf f   nafxcw:occcont.obj
 0001:00025b10       ?CreateControl@COleControlContainer@@QAEHPAVCWnd@@ABU_GUID@@PBDKPBUtagPOINT@@PBUtagSIZE@@IPAVCFile@@HPAGPAPAVCOleControlSite@@@Z 00426b10 f   nafxcw:occcont.obj
 0001:00025bcb       ?FindItem@COleControlContainer@@UBEPAVCOleControlSite@@I@Z 00426bcb f   nafxcw:occcont.obj
 0001:00025c15       ?GetAmbientProp@COleControlContainer@@UAEHPAVCOleControlSite@@JPAUtagVARIANT@@@Z 00426c15 f   nafxcw:occcont.obj
 0001:00025e1d       ?CreateOleFont@COleControlContainer@@QAEXPAVCFont@@@Z 00426e1d f   nafxcw:occcont.obj
 0001:00025f96       ?FreezeAllEvents@COleControlContainer@@QAEXH@Z 00426f96 f   nafxcw:occcont.obj
 0001:00025fd7       ?ScrollChildren@COleControlContainer@@UAEXHH@Z 00426fd7 f   nafxcw:occcont.obj
 0001:00026031       ?OnUIActivate@COleControlContainer@@UAEXPAVCOleControlSite@@@Z 00427031 f   nafxcw:occcont.obj
 0001:0002604f       ?OnUIDeactivate@COleControlContainer@@UAEXPAVCOleControlSite@@@Z 0042704f f   nafxcw:occcont.obj
 0001:0002605f       ?CheckDlgButton@COleControlContainer@@UAEXHI@Z 0042705f f   nafxcw:occcont.obj
 0001:0002609c       ?CheckRadioButton@COleControlContainer@@UAEXHHH@Z 0042709c f   nafxcw:occcont.obj
 0001:000260c4       ?GetDlgItem@COleControlContainer@@UBEPAVCWnd@@H@Z 004270c4 f   nafxcw:occcont.obj
 0001:000260df       ?GetDlgItem@COleControlContainer@@UBEXHPAPAUHWND__@@@Z 004270df f   nafxcw:occcont.obj
 0001:0002611b       ?GetDlgItemInt@COleControlContainer@@UBEIHPAHH@Z 0042711b f   nafxcw:occcont.obj
 0001:000261c9       ?GetDlgItemTextA@COleControlContainer@@UBEHHPADH@Z 004271c9 f   nafxcw:occcont.obj
 0001:000261e8       ?SendDlgItemMessageA@COleControlContainer@@UAEJHIIJ@Z 004271e8 f   nafxcw:occcont.obj
 0001:0002620d       ?SetDlgItemInt@COleControlContainer@@UAEXHIH@Z 0042720d f   nafxcw:occcont.obj
 0001:0002624a       ?SetDlgItemTextA@COleControlContainer@@UAEXHPBD@Z 0042724a f   nafxcw:occcont.obj
 0001:00026265       ?IsDlgButtonChecked@COleControlContainer@@UBEIH@Z 00427265 f   nafxcw:occcont.obj
 0001:000262e1       ?QueryInterface@XOleIPFrame@COleControlContainer@@UAGJABU_GUID@@PAPAX@Z 004272e1 f   nafxcw:occcont.obj
 0001:000262f8       ?AddRef@XOleIPFrame@COleControlContainer@@UAGKXZ 004272f8 f   nafxcw:occcont.obj
 0001:00026309       ?Release@XOleIPFrame@COleControlContainer@@UAGKXZ 00427309 f   nafxcw:occcont.obj
 0001:00026318       ?GetWindow@XOleIPFrame@COleControlContainer@@UAGJPAPAUHWND__@@@Z 00427318 f   nafxcw:occcont.obj
 0001:0002632d       ?SetActiveObject@XOleIPFrame@COleControlContainer@@UAGJPAUIOleInPlaceActiveObject@@PBG@Z 0042732d f   nafxcw:occcont.obj
 0001:00026364       ?GetInterfaceMap@CEnumUnknown@@MBEPBUAFX_INTERFACEMAP@@XZ 00427364 f   nafxcw:occcont.obj
 0001:0002636a       ??1CEnumUnknown@@UAE@XZ    0042736a f   nafxcw:occcont.obj
 0001:000263c0       ??_GCEnumUnknown@@UAEPAXI@Z 004273c0 f i nafxcw:occcont.obj
 0001:000263c0       ??_ECEnumUnknown@@UAEPAXI@Z 004273c0 f i nafxcw:occcont.obj
 0001:000263dc       ?OnNext@CEnumUnknown@@MAEHPAX@Z 004273dc f   nafxcw:occcont.obj
 0001:000263fa       ?QueryInterface@XOleContainer@COleControlContainer@@UAGJABU_GUID@@PAPAX@Z 004273fa f   nafxcw:occcont.obj
 0001:00026411       ?Release@XOleContainer@COleControlContainer@@UAGKXZ 00427411 f   nafxcw:occcont.obj
 0001:00026420       ?AddRef@XOleContainer@COleControlContainer@@UAGKXZ 00427420 f   nafxcw:occcont.obj
 0001:00026431       ?ParseDisplayName@XOleContainer@COleControlContainer@@UAGJPAUIBindCtx@@PAGPAKPAPAUIMoniker@@@Z 00427431 f   nafxcw:occcont.obj
 0001:00026439       ?EnumObjects@XOleContainer@COleControlContainer@@UAGJKPAPAUIEnumUnknown@@@Z 00427439 f   nafxcw:occcont.obj
 0001:00026547       ?GetFont@CWnd@@QBEPAVCFont@@XZ 00427547 f i nafxcw:occcont.obj
 0001:0002655d       ?GetInterfaceMap@COleControlSite@@MBEPBUAFX_INTERFACEMAP@@XZ 0042755d f   nafxcw:occsite.obj
 0001:00026563       ??0COleControlSite@@QAE@PAVCOleControlContainer@@@Z 00427563 f   nafxcw:occsite.obj
 0001:0002666a       ??_ECOleControlSite@@UAEPAXI@Z 0042766a f i nafxcw:occsite.obj
 0001:0002666a       ??_GCOleControlSite@@UAEPAXI@Z 0042766a f i nafxcw:occsite.obj
 0001:00026686       ??1COleControlSite@@UAE@XZ 00427686 f   nafxcw:occsite.obj
[...]
 0001:00055856       _$E370                     00456856 f   nafxcw:app3d.obj
 0001:00055857       _$E372                     00456857 f   nafxcw:app3d.obj
 0001:00055863       _$E371                     00456863 f   nafxcw:app3d.obj
 0001:0005090d       _$E366                     0045190d f   nafxcw:winfrm.obj
 0001:00050912       _$E365                     00451912 f   nafxcw:winfrm.obj
 0001:00050930       _$E369                     00451930 f   nafxcw:winfrm.obj
 0001:00050935       _$E368                     00451935 f   nafxcw:winfrm.obj
 0001:00024a9d       _$E376                     00425a9d f   nafxcw:occmgr.obj
 0001:00024aa7       _$E373                     00425aa7 f   nafxcw:occmgr.obj
 0001:00024aa8       _$E375                     00425aa8 f   nafxcw:occmgr.obj
 0001:00024ab4       _$E374                     00425ab4 f   nafxcw:occmgr.obj
 0001:00054af8       _$E368                     00455af8 f   nafxcw:appcore.obj
 0001:00054b02       _$E365                     00455b02 f   nafxcw:appcore.obj
 0001:00054b03       _$E367                     00455b03 f   nafxcw:appcore.obj
 0001:00054b0f       _$E366                     00455b0f f   nafxcw:appcore.obj
 0001:0005453d       _$E371                     0045553d f   nafxcw:winmenu.obj
 0001:00054547       _$E367                     00455547 f   nafxcw:winmenu.obj
 0001:00054556       _$E370                     00455556 f   nafxcw:winmenu.obj
 0001:00054562       _$E368                     00455562 f   nafxcw:winmenu.obj
 0001:0005398f       _$E371                     0045498f f   nafxcw:winctrl2.obj
 0001:00053999       _$E367                     00454999 f   nafxcw:winctrl2.obj
 0001:000539a8       _$E370                     004549a8 f   nafxcw:winctrl2.obj
 0001:000539b4       _$E368                     004549b4 f   nafxcw:winctrl2.obj
 0001:0005389f       _$E368                     0045489f f   nafxcw:except.obj
 0001:000538a9       _$E365                     004548a9 f   nafxcw:except.obj
 0001:000538bb       _$E367                     004548bb f   nafxcw:except.obj
 0001:000538c7       _$E366                     004548c7 f   nafxcw:except.obj
 0001:000538d7       _$E373                     004548d7 f   nafxcw:except.obj
 0001:000538e1       _$E370                     004548e1 f   nafxcw:except.obj
 0001:000538f3       _$E372                     004548f3 f   nafxcw:except.obj
 0001:000538ff       _$E371                     004548ff f   nafxcw:except.obj
 0001:0005029d       _$E366                     0045129d f   nafxcw:wingdix.obj
 0001:000502a2       _$E365                     004512a2 f   nafxcw:wingdix.obj
 0001:00053668       _$E372                     00454668 f   nafxcw:wingdi.obj
 0001:00053672       _$E369                     00454672 f   nafxcw:wingdi.obj
 0001:00053684       _$E371                     00454684 f   nafxcw:wingdi.obj
 0001:00053690       _$E370                     00454690 f   nafxcw:wingdi.obj
 0001:000536a0       _$E377                     004546a0 f   nafxcw:wingdi.obj
 0001:000536aa       _$E374                     004546aa f   nafxcw:wingdi.obj
 0001:000536bc       _$E376                     004546bc f   nafxcw:wingdi.obj
 0001:000536c8       _$E375                     004546c8 f   nafxcw:wingdi.obj
 0001:000537fb       _$E383                     004547fb f   nafxcw:wingdi.obj
 0001:00053805       _$E379                     00454805 f   nafxcw:wingdi.obj
 0001:00053814       _$E382                     00454814 f   nafxcw:wingdi.obj
 0001:00053820       _$E380                     00454820 f   nafxcw:wingdi.obj
 0001:0005383b       _$E388                     0045483b f   nafxcw:wingdi.obj
 0001:00053845       _$E385                     00454845 f   nafxcw:wingdi.obj
 0001:00053854       _$E387                     00454854 f   nafxcw:wingdi.obj
 0001:00053860       _$E386                     00454860 f   nafxcw:wingdi.obj
 0001:00053359       _$E368                     00454359 f   nafxcw:afxstate.obj
 0001:00053363       _$E365                     00454363 f   nafxcw:afxstate.obj
 0001:00053364       _$E367                     00454364 f   nafxcw:afxstate.obj
 0001:00053370       _$E366                     00454370 f   nafxcw:afxstate.obj
 0001:0005355a       _$E373                     0045455a f   nafxcw:afxstate.obj
 0001:00053564       _$E370                     00454564 f   nafxcw:afxstate.obj
 0001:00053565       _$E372                     00454565 f   nafxcw:afxstate.obj
 0001:00053571       _$E371                     00454571 f   nafxcw:afxstate.obj
 0001:00043d08       _$E368                     00444d08 f   nafxcw:strcore.obj
 0001:00043d12       _$E365                     00444d12 f   nafxcw:strcore.obj
 0001:00043d21       _$E367                     00444d21 f   nafxcw:strcore.obj
 0001:00043d2d       _$E366                     00444d2d f   nafxcw:strcore.obj
 0001:00043d37       _$E373                     00444d37 f   nafxcw:strcore.obj
 0001:00043d41       _$E370                     00444d41 f   nafxcw:strcore.obj
 0001:00043d53       _$E372                     00444d53 f   nafxcw:strcore.obj
 0001:00043d5f       _$E371                     00444d5f f   nafxcw:strcore.obj
 0001:00043d69       _$E378                     00444d69 f   nafxcw:strcore.obj
 0001:00043d73       _$E375                     00444d73 f   nafxcw:strcore.obj
 0001:00043d85       _$E377                     00444d85 f   nafxcw:strcore.obj
 0001:00043d91       _$E376                     00444d91 f   nafxcw:strcore.obj
 0001:00043d9b       _$E383                     00444d9b f   nafxcw:strcore.obj
 0001:00043da5       _$E380                     00444da5 f   nafxcw:strcore.obj
 0001:00043db7       _$E382                     00444db7 f   nafxcw:strcore.obj
 0001:00043dc3       _$E381                     00444dc3 f   nafxcw:strcore.obj
 0001:00040082       _$E374                     00441082 f   nafxcw:wincore.obj
 0001:00040087       _$E373                     00441087 f   nafxcw:wincore.obj
 0001:00040098       _$E380                     00441098 f   nafxcw:wincore.obj
 0001:000400a2       _$E376                     004410a2 f   nafxcw:wincore.obj
 0001:000400af       _$E379                     004410af f   nafxcw:wincore.obj
 0001:000400bb       _$E377                     004410bb f   nafxcw:wincore.obj
 0001:000400d6       _$E385                     004410d6 f   nafxcw:wincore.obj
 0001:000400e0       _$E382                     004410e0 f   nafxcw:wincore.obj
 0001:000400ed       _$E384                     004410ed f   nafxcw:wincore.obj
 0001:000400f9       _$E383                     004410f9 f   nafxcw:wincore.obj
 0001:00040114       _$E390                     00441114 f   nafxcw:wincore.obj
 0001:0004011e       _$E387                     0044111e f   nafxcw:wincore.obj
 0001:0004012b       _$E389                     0044112b f   nafxcw:wincore.obj
 0001:00040137       _$E388                     00441137 f   nafxcw:wincore.obj
 0001:00040152       _$E395                     00441152 f   nafxcw:wincore.obj
 0001:0004015c       _$E392                     0044115c f   nafxcw:wincore.obj
 0001:00040169       _$E394                     00441169 f   nafxcw:wincore.obj
 0001:00040175       _$E393                     00441175 f   nafxcw:wincore.obj
 0001:000530e8       _$E403                     004540e8 f   nafxcw:wincore.obj
 0001:000530f2       _$E399                     004540f2 f   nafxcw:wincore.obj
 0001:00053101       _$E402                     00454101 f   nafxcw:wincore.obj
 0001:0005310d       _$E400                     0045410d f   nafxcw:wincore.obj
 0001:0003919c       _findenv                   0043a19c f   LIBCMT:setenv.obj
 0001:000391f4       _copy_environ              0043a1f4 f   LIBCMT:setenv.obj
 0001:00038fea       _strncnt                   00439fea f   LIBCMT:a_cmp.obj
 0001:0003876f       _flsall                    0043976f f   LIBCMT:fflush.obj
 0001:00037bd7       _siglookup                 00438bd7 f   LIBCMT:winsig.obj
 0001:000372bf       _x_ismbbtype               004382bf f   LIBCMT:ismbbyte.obj
 0001:00036adb       __abstract_cw              00437adb f   LIBCMT:ieee87.obj
 0001:00036b6d       __hw_cw                    00437b6d f   LIBCMT:ieee87.obj
 0001:000367eb       __get_fname                004377eb f   LIBCMT:fpexcept.obj
 0001:0003587c       __tzset_lk                 0043687c f   LIBCMT:tzset.obj
 0001:00035b24       __isindst_lk               00436b24 f   LIBCMT:tzset.obj
 0001:00035cd0       _cvtdate                   00436cd0 f   LIBCMT:tzset.obj
 0001:00035430       _write_char                00436430 f   LIBCMT:output.obj
 0001:00035465       _write_multi_char          00436465 f   LIBCMT:output.obj
 0001:00035496       _write_string              00436496 f   LIBCMT:output.obj
 0001:000354ce       _get_int_arg               004364ce f   LIBCMT:output.obj
 0001:000354db       _get_int64_arg             004364db f   LIBCMT:output.obj
 0001:000354eb       _get_short_arg             004364eb f   LIBCMT:output.obj
 0001:00038fea       _strncnt                   00439fea f   LIBCMT:a_cmp.obj
 0001:0003335a       _parse_cmdline             0043435a f   LIBCMT:stdargv.obj
 0001:00033176       _xcptlookup                00434176 f   LIBCMT:winxfltr.obj
 0001:00032be9       __cftoe2                   00433be9 f   LIBCMT:cvt.obj
 0001:00032d00       __cftof2                   00433d00 f   LIBCMT:cvt.obj
 0001:00032e8b       __shift                    00433e8b f   LIBCMT:cvt.obj
 0001:00032023       ?FindHandler@@YAXPAUEHExceptionRecord@@PAUEHRegistrationNode@@PAU_CONTEXT@@PAXPBU_s_FuncInfo@@EH1@Z 00433023 f   LIBCMT:frame.obj
 0001:000321d6       ?FindHandlerForForeignException@@YAXPAUEHExceptionRecord@@PAUEHRegistrationNode@@PAU_CONTEXT@@PAXPBU_s_FuncInfo@@HH1@Z 004331d6 f   LIBCMT:frame.obj
 0001:00032280       ?TypeMatch@@YAHPBU_s_HandlerType@@PBU_s_CatchableType@@PBU_s_ThrowInfo@@@Z 00433280 f   LIBCMT:frame.obj
 0001:0003237b       ?FrameUnwindFilter@@YAHPAU_EXCEPTION_POINTERS@@@Z 0043337b f   LIBCMT:frame.obj
 0001:00032391       ?CatchIt@@YAXPAUEHExceptionRecord@@PAUEHRegistrationNode@@PAU_CONTEXT@@PAXPBU_s_FuncInfo@@PBU_s_HandlerType@@PBU_s_CatchableType@@PBU_s_TryBlockMapEntry@@H1E@Z 00433391 f   LIBCMT:frame.obj
 0001:0003240c       ?CallCatchBlock@@YAPAXPAUEHExceptionRecord@@PAUEHRegistrationNode@@PAU_CONTEXT@@PBU_s_FuncInfo@@PAXHK@Z 0043340c f   LIBCMT:frame.obj
 0001:00032527       ?ExFilterRethrow@@YAHPAU_EXCEPTION_POINTERS@@@Z 00433527 f   LIBCMT:frame.obj
 0001:00032551       ?BuildCatchObject@@YAXPAUEHExceptionRecord@@PAUEHRegistrationNode@@PBU_s_HandlerType@@PBU_s_CatchableType@@@Z 00433551 f   LIBCMT:frame.obj
 0001:0003277c       ?AdjustPointer@@YAPAXPAXABUPMD@@@Z 0043377c f   LIBCMT:frame.obj
 0001:00031c7e       _xtoa                      00432c7e f   LIBCMT:xtoa.obj
 0001:00031a02       __threadstartex@4          00432a02 f   LIBCMT:threadex.obj
 0001:000318c6       _doexit                    004328c6 f   LIBCMT:crt0dat.obj
 0001:0003197d       __initterm                 0043297d f   LIBCMT:crt0dat.obj
 0001:000310af       __expandtime               004320af f   LIBCMT:strftime.obj
 0001:0003149e       __store_str                0043249e f   LIBCMT:strftime.obj
 0001:000314c5       __store_num                004324c5 f   LIBCMT:strftime.obj
 0001:00031534       __store_number             00432534 f   LIBCMT:strftime.obj
 0001:0003157d       __store_winword            0043257d f   LIBCMT:strftime.obj
 0001:00030d53       _getSystemCP               00431d53 f   LIBCMT:mbctype.obj
 0001:00030d9d       _CPtoLCID                  00431d9d f   LIBCMT:mbctype.obj
 0001:00030dd0       _setSBCS                   00431dd0 f   LIBCMT:mbctype.obj
 0001:00030df9       _setSBUpLow                00431df9 f   LIBCMT:mbctype.obj
 0001:0003067c       __make_time_t              0043167c f   LIBCMT:mktime.obj
 0001:0002fdc0       LeadUp1                    00430dc0 f   LIBCMT:memmove.obj
 0001:0002fdec       LeadUp2                    00430dec f   LIBCMT:memmove.obj
 0001:0002fe10       LeadUp3                    00430e10 f   LIBCMT:memmove.obj
 0001:0002fe8f       UnwindUp0                  00430e8f f   LIBCMT:memmove.obj
 0001:0002fe7c       UnwindUp1                  00430e7c f   LIBCMT:memmove.obj
 0001:0002fe74       UnwindUp2                  00430e74 f   LIBCMT:memmove.obj
 0001:0002fe6c       UnwindUp3                  00430e6c f   LIBCMT:memmove.obj
 0001:0002fe64       UnwindUp4                  00430e64 f   LIBCMT:memmove.obj
 0001:0002fe5c       UnwindUp5                  00430e5c f   LIBCMT:memmove.obj
 0001:0002fe54       UnwindUp6                  00430e54 f   LIBCMT:memmove.obj
 0001:0002fe4c       UnwindUp7                  00430e4c f   LIBCMT:memmove.obj
 0001:0002fea8       TrailUp0                   00430ea8 f   LIBCMT:memmove.obj
 0001:0002feb0       TrailUp1                   00430eb0 f   LIBCMT:memmove.obj
 0001:0002febc       TrailUp2                   00430ebc f   LIBCMT:memmove.obj
 0001:0002fed0       TrailUp3                   00430ed0 f   LIBCMT:memmove.obj
 0001:0002ff48       LeadDown1                  00430f48 f   LIBCMT:memmove.obj
 0001:0002ff68       LeadDown2                  00430f68 f   LIBCMT:memmove.obj
 0001:0002ff90       LeadDown3                  00430f90 f   LIBCMT:memmove.obj
 0001:0002ffe4       UnwindDown7                00430fe4 f   LIBCMT:memmove.obj
 0001:0002ffec       UnwindDown6                00430fec f   LIBCMT:memmove.obj
 0001:0002fff4       UnwindDown5                00430ff4 f   LIBCMT:memmove.obj
 0001:0002fffc       UnwindDown4                00430ffc f   LIBCMT:memmove.obj
 0001:00030004       UnwindDown3                00431004 f   LIBCMT:memmove.obj
 0001:0003000c       UnwindDown2                0043100c f   LIBCMT:memmove.obj
 0001:00030014       UnwindDown1                00431014 f   LIBCMT:memmove.obj
 0001:00030027       UnwindDown0                00431027 f   LIBCMT:memmove.obj
 0001:00030040       TrailDown0                 00431040 f   LIBCMT:memmove.obj
 0001:00030048       TrailDown1                 00431048 f   LIBCMT:memmove.obj
 0001:00030058       TrailDown2                 00431058 f   LIBCMT:memmove.obj
 0001:0003006c       TrailDown3                 0043106c f   LIBCMT:memmove.obj
 0001:0002fb0f       _strtoxl                   00430b0f f   LIBCMT:strtol.obj
 0001:0002f660       LeadUp1                    00430660 f   LIBCMT:memcpy.obj
 0001:0002f68c       LeadUp2                    0043068c f   LIBCMT:memcpy.obj
 0001:0002f6b0       LeadUp3                    004306b0 f   LIBCMT:memcpy.obj
 0001:0002f72f       UnwindUp0                  0043072f f   LIBCMT:memcpy.obj
 0001:0002f71c       UnwindUp1                  0043071c f   LIBCMT:memcpy.obj
 0001:0002f714       UnwindUp2                  00430714 f   LIBCMT:memcpy.obj
 0001:0002f70c       UnwindUp3                  0043070c f   LIBCMT:memcpy.obj
 0001:0002f704       UnwindUp4                  00430704 f   LIBCMT:memcpy.obj
 0001:0002f6fc       UnwindUp5                  004306fc f   LIBCMT:memcpy.obj
 0001:0002f6f4       UnwindUp6                  004306f4 f   LIBCMT:memcpy.obj
 0001:0002f6ec       UnwindUp7                  004306ec f   LIBCMT:memcpy.obj
 0001:0002f748       TrailUp0                   00430748 f   LIBCMT:memcpy.obj
 0001:0002f750       TrailUp1                   00430750 f   LIBCMT:memcpy.obj
 0001:0002f75c       TrailUp2                   0043075c f   LIBCMT:memcpy.obj
 0001:0002f770       TrailUp3                   00430770 f   LIBCMT:memcpy.obj
 0001:0002f7e8       LeadDown1                  004307e8 f   LIBCMT:memcpy.obj
 0001:0002f808       LeadDown2                  00430808 f   LIBCMT:memcpy.obj
 0001:0002f830       LeadDown3                  00430830 f   LIBCMT:memcpy.obj
 0001:0002f884       UnwindDown7                00430884 f   LIBCMT:memcpy.obj
 0001:0002f88c       UnwindDown6                0043088c f   LIBCMT:memcpy.obj
 0001:0002f894       UnwindDown5                00430894 f   LIBCMT:memcpy.obj
 0001:0002f89c       UnwindDown4                0043089c f   LIBCMT:memcpy.obj
 0001:0002f8a4       UnwindDown3                004308a4 f   LIBCMT:memcpy.obj
 0001:0002f8ac       UnwindDown2                004308ac f   LIBCMT:memcpy.obj
 0001:0002f8b4       UnwindDown1                004308b4 f   LIBCMT:memcpy.obj
 0001:0002f8c7       UnwindDown0                004308c7 f   LIBCMT:memcpy.obj
 0001:0002f8e0       TrailDown0                 004308e0 f   LIBCMT:memcpy.obj
 0001:0002f8e8       TrailDown1                 004308e8 f   LIBCMT:memcpy.obj
 0001:0002f8f8       TrailDown2                 004308f8 f   LIBCMT:memcpy.obj
 0001:0002f90c       TrailDown3                 0043090c f   LIBCMT:memcpy.obj
 0001:0002f286       _fast_error_exit           00430286 f   LIBCMT:wincrt0.obj
 0001:0003237b       ?ArrayUnwindFilter@@YAHPAU_EXCEPTION_POINTERS@@@Z 0043337b f   LIBCMT:frame.obj
 0001:0002eb48       _gu_return                 0042fb48 f   LIBCMT:exsup.obj
 0001:0002eb50       __unwind_handler           0042fb50 f   LIBCMT:exsup.obj
 0001:0002e965       ?CatchGuardHandler@@YA?AW4_EXCEPTION_DISPOSITION@@PAUEHExceptionRecord@@PAUCatchGuardRN@@PAX2@Z 0042f965 f   LIBCMT:trnsctrl.obj
 0001:0002ea40       ?TranslatorGuardHandler@@YA?AW4_EXCEPTION_DISPOSITION@@PAUEHExceptionRecord@@PAUTranslatorGuardRN@@PAX2@Z 0042fa40 f   LIBCMT:trnsctrl.obj
 0001:00039370       _LpfnGetDefWndProcNull     0043a370 f   ctl3d32s:CTL3D.OBJ
 0001:00039390       _LpfnGetDefWndProc         0043a390 f   ctl3d32s:CTL3D.OBJ
 0001:000393e0       _SubclassWindow            0043a3e0 f   ctl3d32s:CTL3D.OBJ
 0001:00039580       _HookSubclassWindow        0043a580 f   ctl3d32s:CTL3D.OBJ
 0001:000395c0       _CleanupSubclass           0043a5c0 f   ctl3d32s:CTL3D.OBJ
 0001:00039620       _DeleteObjectNull          0043a620 f   ctl3d32s:CTL3D.OBJ
 0001:00039640       _DeleteObjects             0043a640 f   ctl3d32s:CTL3D.OBJ
 0001:00039670       _PatFill                   0043a670 f   ctl3d32s:CTL3D.OBJ
 0001:000396a0       _DrawRec3d                 0043a6a0 f   ctl3d32s:CTL3D.OBJ
 0001:000397e0       _DrawInsetRect3d           0043a7e0 f   ctl3d32s:CTL3D.OBJ
 0001:00039850       _ClipCtlDc                 0043a850 f   ctl3d32s:CTL3D.OBJ
 0001:00039890       _MyGetTextExtent           0043a890 f   ctl3d32s:CTL3D.OBJ
 0001:00039e60       _CheckChildSubclass        0043ae60 f   ctl3d32s:CTL3D.OBJ
 0001:0003a0c0       _Ctl3dDlgFramePaintI@20    0043b0c0 f   ctl3d32s:CTL3D.OBJ
 0001:0003a410       _FInit3dDialogs            0043b410 f   ctl3d32s:CTL3D.OBJ
 0001:0003a600       _End3dDialogs              0043b600 f   ctl3d32s:CTL3D.OBJ
 0001:0003a6e0       _InternalCtl3dColorChange  0043b6e0 f   ctl3d32s:CTL3D.OBJ
 0001:0003aba0       _DoesChildNeedSubclass     0043bba0 f   ctl3d32s:CTL3D.OBJ
 0001:0003ad90       _FBtn                      0043bd90 f   ctl3d32s:CTL3D.OBJ
 0001:0003adc0       _FEdit                     0043bdc0 f   ctl3d32s:CTL3D.OBJ
 0001:0003adc0       _FList                     0043bdc0 f   ctl3d32s:CTL3D.OBJ
 0001:0003ae10       _FComboList                0043be10 f   ctl3d32s:CTL3D.OBJ
 0001:0003ae50       _FCombo                    0043be50 f   ctl3d32s:CTL3D.OBJ
 0001:0003af20       _FStatic                   0043bf20 f   ctl3d32s:CTL3D.OBJ
 0001:0003af70       _DoSubclassCtl             0043bf70 f   ctl3d32s:CTL3D.OBJ
 0001:0003b060       _Inval3dCtl                0043c060 f   ctl3d32s:CTL3D.OBJ
 0001:0003b120       _Val3dCtl                  0043c120 f   ctl3d32s:CTL3D.OBJ
 0001:0003b190       _DrawPushButton            0043c190 f   ctl3d32s:CTL3D.OBJ
 0001:0003b4d0       _BtnPaint                  0043c4d0 f   ctl3d32s:CTL3D.OBJ

 1969 bytes saved through ICF

